02:54:52 **** Incremental Build of configuration Debug for project usb_cdc ****
make -j10 all 
arm-none-eabi-gcc "../Src/App/src/app.c" -mcpu=cortex-m4 -std=gnu11 -g3 -DSTM32F401xC -c -I"/Users/chmnku/Developement/STM32_ModuleTest/f401ret6_fw/Src" -I"/Users/chmnku/Developement/STM32_ModuleTest/f401ret6_fw/Src/App/inc" -I"/Users/chmnku/Developement/STM32_ModuleTest/f401ret6_fw/Src/Common" -I"/Users/chmnku/Developement/STM32_ModuleTest/f401ret6_fw/Src/Device/Bsp/inc" -I"/Users/chmnku/Developement/STM32_ModuleTest/f401ret6_fw/Src/Device/Hw/inc" -I"/Users/chmnku/Developement/STM32_ModuleTest/f401ret6_fw/Src/Lib" -I"/Users/chmnku/Developement/STM32_ModuleTest/f401ret6_fw/Src/Lib/ret6_fw/Drivers/CMSIS/Device/ST/STM32F4xx/Include" -I"/Users/chmnku/Developement/STM32_ModuleTest/f401ret6_fw/Src/Lib/ret6_fw/Drivers/CMSIS/Include" -I"/Users/chmnku/Developement/STM32_ModuleTest/f401ret6_fw/Src/Lib/ret6_fw/Drivers/STM32F4xx_HAL_Driver/Inc" -I"/Users/chmnku/Developement/STM32_ModuleTest/f401ret6_fw/Src/Lib/ret6_fw/Middlewares/ST/STM32_USB_Device_Library/Class/CDC/Inc" -I"/Users/chmnku/Developement/STM32_ModuleTest/f401ret6_fw/Src/Lib/ret6_fw/Middlewares/ST/STM32_USB_Device_Library/Core/Inc" -I"/Users/chmnku/Developement/STM32_ModuleTest/f401ret6_fw/Src/Lib/ret6_fw/USB_DEVICE/App" -I"/Users/chmnku/Developement/STM32_ModuleTest/f401ret6_fw/Src/Lib/ret6_fw/USB_DEVICE/Target" -O0 -ffunction-sections -fdata-sections -Wall -fstack-usage -fcyclomatic-complexity -MMD -MP -MF"Src/App/src/app.d" -MT"Src/App/src/app.o" --specs=nano.specs -mfpu=fpv4-sp-d16 -mfloat-abi=hard -mthumb -o "Src/App/src/app.o"
arm-none-eabi-gcc -o "usb_cdc.elf" @"objects.list"   -mcpu=cortex-m4 -T"/Users/chmnku/Developement/STM32_ModuleTest/f401ret6_fw/Src/Device/Bsp/ldscript/STM32F401CCUX_FLASH.ld" --specs=nosys.specs -Wl,-Map="usb_cdc.map" -Wl,--gc-sections -static --specs=nano.specs -mfpu=fpv4-sp-d16 -mfloat-abi=hard -mthumb -Wl,--start-group -lc -lm -Wl,--end-group
Finished building target: usb_cdc.elf
 
arm-none-eabi-size  usb_cdc.elf 
arm-none-eabi-objdump -h -S usb_cdc.elf  > "usb_cdc.list"
   text	   data	    bss	    dec	    hex	filename
  27836	    260	   5636	  33732	   83c4	usb_cdc.elf
Finished building: default.size.stdout
 
Finished building: usb_cdc.list
 
02:55:25 **** Incremental Build of configuration Debug for project usb_cdc ****
make -j10 all 
arm-none-eabi-size  usb_cdc.elf 
   text	   data	    bss	    dec	    hex	filename
  27836	    260	   5636	  33732	   83c4	usb_cdc.elf
Finished building: default.size.stdout
 
