02:19:58 **** Build of configuration Debug for project usb_cdc ****
make -j10 all 
arm-none-eabi-gcc "../Src/Lib/ret6_fw/Drivers/STM32F4xx_HAL_Driver/Src/stm32f4xx_hal.c" -mcpu=cortex-m4 -std=gnu11 -g3 -DSTM32F401xC -c -I"/Users/chmnku/Developement/STM32_ModuleTest/f401ret6_fw/Src" -I"/Users/chmnku/Developement/STM32_ModuleTest/f401ret6_fw/Src/App/inc" -I"/Users/chmnku/Developement/STM32_ModuleTest/f401ret6_fw/Src/Common" -I"/Users/chmnku/Developement/STM32_ModuleTest/f401ret6_fw/Src/Device/Bsp/inc" -I"/Users/chmnku/Developement/STM32_ModuleTest/f401ret6_fw/Src/Device/Hw/inc" -I"/Users/chmnku/Developement/STM32_ModuleTest/f401ret6_fw/Src/Lib" -I"/Users/chmnku/Developement/STM32_ModuleTest/f401ret6_fw/Src/Lib/ret6_fw/Drivers/CMSIS/Device/ST/STM32F4xx/Include" -I"/Users/chmnku/Developement/STM32_ModuleTest/f401ret6_fw/Src/Lib/ret6_fw/Drivers/CMSIS/Include" -I"/Users/chmnku/Developement/STM32_ModuleTest/f401ret6_fw/Src/Lib/ret6_fw/Drivers/STM32F4xx_HAL_Driver/Inc" -O0 -ffunction-sections -fdata-sections -Wall -fstack-usage -fcyclomatic-complexity -MMD -MP -MF"Src/Lib/ret6_fw/Drivers/STM32F4xx_HAL_Driver/Src/stm32f4xx_hal.d" -MT"Src/Lib/ret6_fw/Drivers/STM32F4xx_HAL_Driver/Src/stm32f4xx_hal.o" --specs=nano.specs -mfpu=fpv4-sp-d16 -mfloat-abi=hard -mthumb -o "Src/Lib/ret6_fw/Drivers/STM32F4xx_HAL_Driver/Src/stm32f4xx_hal.o"
arm-none-eabi-gcc "../Src/Lib/ret6_fw/Drivers/STM32F4xx_HAL_Driver/Src/stm32f4xx_hal_cortex.c" -mcpu=cortex-m4 -std=gnu11 -g3 -DSTM32F401xC -c -I"/Users/chmnku/Developement/STM32_ModuleTest/f401ret6_fw/Src" -I"/Users/chmnku/Developement/STM32_ModuleTest/f401ret6_fw/Src/App/inc" -I"/Users/chmnku/Developement/STM32_ModuleTest/f401ret6_fw/Src/Common" -I"/Users/chmnku/Developement/STM32_ModuleTest/f401ret6_fw/Src/Device/Bsp/inc" -I"/Users/chmnku/Developement/STM32_ModuleTest/f401ret6_fw/Src/Device/Hw/inc" -I"/Users/chmnku/Developement/STM32_ModuleTest/f401ret6_fw/Src/Lib" -I"/Users/chmnku/Developement/STM32_ModuleTest/f401ret6_fw/Src/Lib/ret6_fw/Drivers/CMSIS/Device/ST/STM32F4xx/Include" -I"/Users/chmnku/Developement/STM32_ModuleTest/f401ret6_fw/Src/Lib/ret6_fw/Drivers/CMSIS/Include" -I"/Users/chmnku/Developement/STM32_ModuleTest/f401ret6_fw/Src/Lib/ret6_fw/Drivers/STM32F4xx_HAL_Driver/Inc" -O0 -ffunction-sections -fdata-sections -Wall -fstack-usage -fcyclomatic-complexity -MMD -MP -MF"Src/Lib/ret6_fw/Drivers/STM32F4xx_HAL_Driver/Src/stm32f4xx_hal_cortex.d" -MT"Src/Lib/ret6_fw/Drivers/STM32F4xx_HAL_Driver/Src/stm32f4xx_hal_cortex.o" --specs=nano.specs -mfpu=fpv4-sp-d16 -mfloat-abi=hard -mthumb -o "Src/Lib/ret6_fw/Drivers/STM32F4xx_HAL_Driver/Src/stm32f4xx_hal_cortex.o"
arm-none-eabi-gcc "../Src/Lib/ret6_fw/Drivers/STM32F4xx_HAL_Driver/Src/stm32f4xx_hal_dma.c" -mcpu=cortex-m4 -std=gnu11 -g3 -DSTM32F401xC -c -I"/Users/chmnku/Developement/STM32_ModuleTest/f401ret6_fw/Src" -I"/Users/chmnku/Developement/STM32_ModuleTest/f401ret6_fw/Src/App/inc" -I"/Users/chmnku/Developement/STM32_ModuleTest/f401ret6_fw/Src/Common" -I"/Users/chmnku/Developement/STM32_ModuleTest/f401ret6_fw/Src/Device/Bsp/inc" -I"/Users/chmnku/Developement/STM32_ModuleTest/f401ret6_fw/Src/Device/Hw/inc" -I"/Users/chmnku/Developement/STM32_ModuleTest/f401ret6_fw/Src/Lib" -I"/Users/chmnku/Developement/STM32_ModuleTest/f401ret6_fw/Src/Lib/ret6_fw/Drivers/CMSIS/Device/ST/STM32F4xx/Include" -I"/Users/chmnku/Developement/STM32_ModuleTest/f401ret6_fw/Src/Lib/ret6_fw/Drivers/CMSIS/Include" -I"/Users/chmnku/Developement/STM32_ModuleTest/f401ret6_fw/Src/Lib/ret6_fw/Drivers/STM32F4xx_HAL_Driver/Inc" -O0 -ffunction-sections -fdata-sections -Wall -fstack-usage -fcyclomatic-complexity -MMD -MP -MF"Src/Lib/ret6_fw/Drivers/STM32F4xx_HAL_Driver/Src/stm32f4xx_hal_dma.d" -MT"Src/Lib/ret6_fw/Drivers/STM32F4xx_HAL_Driver/Src/stm32f4xx_hal_dma.o" --specs=nano.specs -mfpu=fpv4-sp-d16 -mfloat-abi=hard -mthumb -o "Src/Lib/ret6_fw/Drivers/STM32F4xx_HAL_Driver/Src/stm32f4xx_hal_dma.o"
arm-none-eabi-gcc "../Src/Lib/ret6_fw/Drivers/STM32F4xx_HAL_Driver/Src/stm32f4xx_hal_dma_ex.c" -mcpu=cortex-m4 -std=gnu11 -g3 -DSTM32F401xC -c -I"/Users/chmnku/Developement/STM32_ModuleTest/f401ret6_fw/Src" -I"/Users/chmnku/Developement/STM32_ModuleTest/f401ret6_fw/Src/App/inc" -I"/Users/chmnku/Developement/STM32_ModuleTest/f401ret6_fw/Src/Common" -I"/Users/chmnku/Developement/STM32_ModuleTest/f401ret6_fw/Src/Device/Bsp/inc" -I"/Users/chmnku/Developement/STM32_ModuleTest/f401ret6_fw/Src/Device/Hw/inc" -I"/Users/chmnku/Developement/STM32_ModuleTest/f401ret6_fw/Src/Lib" -I"/Users/chmnku/Developement/STM32_ModuleTest/f401ret6_fw/Src/Lib/ret6_fw/Drivers/CMSIS/Device/ST/STM32F4xx/Include" -I"/Users/chmnku/Developement/STM32_ModuleTest/f401ret6_fw/Src/Lib/ret6_fw/Drivers/CMSIS/Include" -I"/Users/chmnku/Developement/STM32_ModuleTest/f401ret6_fw/Src/Lib/ret6_fw/Drivers/STM32F4xx_HAL_Driver/Inc" -O0 -ffunction-sections -fdata-sections -Wall -fstack-usage -fcyclomatic-complexity -MMD -MP -MF"Src/Lib/ret6_fw/Drivers/STM32F4xx_HAL_Driver/Src/stm32f4xx_hal_dma_ex.d" -MT"Src/Lib/ret6_fw/Drivers/STM32F4xx_HAL_Driver/Src/stm32f4xx_hal_dma_ex.o" --specs=nano.specs -mfpu=fpv4-sp-d16 -mfloat-abi=hard -mthumb -o "Src/Lib/ret6_fw/Drivers/STM32F4xx_HAL_Driver/Src/stm32f4xx_hal_dma_ex.o"
arm-none-eabi-gcc "../Src/Lib/ret6_fw/Drivers/STM32F4xx_HAL_Driver/Src/stm32f4xx_hal_exti.c" -mcpu=cortex-m4 -std=gnu11 -g3 -DSTM32F401xC -c -I"/Users/chmnku/Developement/STM32_ModuleTest/f401ret6_fw/Src" -I"/Users/chmnku/Developement/STM32_ModuleTest/f401ret6_fw/Src/App/inc" -I"/Users/chmnku/Developement/STM32_ModuleTest/f401ret6_fw/Src/Common" -I"/Users/chmnku/Developement/STM32_ModuleTest/f401ret6_fw/Src/Device/Bsp/inc" -I"/Users/chmnku/Developement/STM32_ModuleTest/f401ret6_fw/Src/Device/Hw/inc" -I"/Users/chmnku/Developement/STM32_ModuleTest/f401ret6_fw/Src/Lib" -I"/Users/chmnku/Developement/STM32_ModuleTest/f401ret6_fw/Src/Lib/ret6_fw/Drivers/CMSIS/Device/ST/STM32F4xx/Include" -I"/Users/chmnku/Developement/STM32_ModuleTest/f401ret6_fw/Src/Lib/ret6_fw/Drivers/CMSIS/Include" -I"/Users/chmnku/Developement/STM32_ModuleTest/f401ret6_fw/Src/Lib/ret6_fw/Drivers/STM32F4xx_HAL_Driver/Inc" -O0 -ffunction-sections -fdata-sections -Wall -fstack-usage -fcyclomatic-complexity -MMD -MP -MF"Src/Lib/ret6_fw/Drivers/STM32F4xx_HAL_Driver/Src/stm32f4xx_hal_exti.d" -MT"Src/Lib/ret6_fw/Drivers/STM32F4xx_HAL_Driver/Src/stm32f4xx_hal_exti.o" --specs=nano.specs -mfpu=fpv4-sp-d16 -mfloat-abi=hard -mthumb -o "Src/Lib/ret6_fw/Drivers/STM32F4xx_HAL_Driver/Src/stm32f4xx_hal_exti.o"
arm-none-eabi-gcc "../Src/Lib/ret6_fw/Drivers/STM32F4xx_HAL_Driver/Src/stm32f4xx_hal_flash.c" -mcpu=cortex-m4 -std=gnu11 -g3 -DSTM32F401xC -c -I"/Users/chmnku/Developement/STM32_ModuleTest/f401ret6_fw/Src" -I"/Users/chmnku/Developement/STM32_ModuleTest/f401ret6_fw/Src/App/inc" -I"/Users/chmnku/Developement/STM32_ModuleTest/f401ret6_fw/Src/Common" -I"/Users/chmnku/Developement/STM32_ModuleTest/f401ret6_fw/Src/Device/Bsp/inc" -I"/Users/chmnku/Developement/STM32_ModuleTest/f401ret6_fw/Src/Device/Hw/inc" -I"/Users/chmnku/Developement/STM32_ModuleTest/f401ret6_fw/Src/Lib" -I"/Users/chmnku/Developement/STM32_ModuleTest/f401ret6_fw/Src/Lib/ret6_fw/Drivers/CMSIS/Device/ST/STM32F4xx/Include" -I"/Users/chmnku/Developement/STM32_ModuleTest/f401ret6_fw/Src/Lib/ret6_fw/Drivers/CMSIS/Include" -I"/Users/chmnku/Developement/STM32_ModuleTest/f401ret6_fw/Src/Lib/ret6_fw/Drivers/STM32F4xx_HAL_Driver/Inc" -O0 -ffunction-sections -fdata-sections -Wall -fstack-usage -fcyclomatic-complexity -MMD -MP -MF"Src/Lib/ret6_fw/Drivers/STM32F4xx_HAL_Driver/Src/stm32f4xx_hal_flash.d" -MT"Src/Lib/ret6_fw/Drivers/STM32F4xx_HAL_Driver/Src/stm32f4xx_hal_flash.o" --specs=nano.specs -mfpu=fpv4-sp-d16 -mfloat-abi=hard -mthumb -o "Src/Lib/ret6_fw/Drivers/STM32F4xx_HAL_Driver/Src/stm32f4xx_hal_flash.o"
arm-none-eabi-gcc "../Src/Lib/ret6_fw/Drivers/STM32F4xx_HAL_Driver/Src/stm32f4xx_hal_flash_ex.c" -mcpu=cortex-m4 -std=gnu11 -g3 -DSTM32F401xC -c -I"/Users/chmnku/Developement/STM32_ModuleTest/f401ret6_fw/Src" -I"/Users/chmnku/Developement/STM32_ModuleTest/f401ret6_fw/Src/App/inc" -I"/Users/chmnku/Developement/STM32_ModuleTest/f401ret6_fw/Src/Common" -I"/Users/chmnku/Developement/STM32_ModuleTest/f401ret6_fw/Src/Device/Bsp/inc" -I"/Users/chmnku/Developement/STM32_ModuleTest/f401ret6_fw/Src/Device/Hw/inc" -I"/Users/chmnku/Developement/STM32_ModuleTest/f401ret6_fw/Src/Lib" -I"/Users/chmnku/Developement/STM32_ModuleTest/f401ret6_fw/Src/Lib/ret6_fw/Drivers/CMSIS/Device/ST/STM32F4xx/Include" -I"/Users/chmnku/Developement/STM32_ModuleTest/f401ret6_fw/Src/Lib/ret6_fw/Drivers/CMSIS/Include" -I"/Users/chmnku/Developement/STM32_ModuleTest/f401ret6_fw/Src/Lib/ret6_fw/Drivers/STM32F4xx_HAL_Driver/Inc" -O0 -ffunction-sections -fdata-sections -Wall -fstack-usage -fcyclomatic-complexity -MMD -MP -MF"Src/Lib/ret6_fw/Drivers/STM32F4xx_HAL_Driver/Src/stm32f4xx_hal_flash_ex.d" -MT"Src/Lib/ret6_fw/Drivers/STM32F4xx_HAL_Driver/Src/stm32f4xx_hal_flash_ex.o" --specs=nano.specs -mfpu=fpv4-sp-d16 -mfloat-abi=hard -mthumb -o "Src/Lib/ret6_fw/Drivers/STM32F4xx_HAL_Driver/Src/stm32f4xx_hal_flash_ex.o"
arm-none-eabi-gcc "../Src/Lib/ret6_fw/Drivers/STM32F4xx_HAL_Driver/Src/stm32f4xx_hal_flash_ramfunc.c" -mcpu=cortex-m4 -std=gnu11 -g3 -DSTM32F401xC -c -I"/Users/chmnku/Developement/STM32_ModuleTest/f401ret6_fw/Src" -I"/Users/chmnku/Developement/STM32_ModuleTest/f401ret6_fw/Src/App/inc" -I"/Users/chmnku/Developement/STM32_ModuleTest/f401ret6_fw/Src/Common" -I"/Users/chmnku/Developement/STM32_ModuleTest/f401ret6_fw/Src/Device/Bsp/inc" -I"/Users/chmnku/Developement/STM32_ModuleTest/f401ret6_fw/Src/Device/Hw/inc" -I"/Users/chmnku/Developement/STM32_ModuleTest/f401ret6_fw/Src/Lib" -I"/Users/chmnku/Developement/STM32_ModuleTest/f401ret6_fw/Src/Lib/ret6_fw/Drivers/CMSIS/Device/ST/STM32F4xx/Include" -I"/Users/chmnku/Developement/STM32_ModuleTest/f401ret6_fw/Src/Lib/ret6_fw/Drivers/CMSIS/Include" -I"/Users/chmnku/Developement/STM32_ModuleTest/f401ret6_fw/Src/Lib/ret6_fw/Drivers/STM32F4xx_HAL_Driver/Inc" -O0 -ffunction-sections -fdata-sections -Wall -fstack-usage -fcyclomatic-complexity -MMD -MP -MF"Src/Lib/ret6_fw/Drivers/STM32F4xx_HAL_Driver/Src/stm32f4xx_hal_flash_ramfunc.d" -MT"Src/Lib/ret6_fw/Drivers/STM32F4xx_HAL_Driver/Src/stm32f4xx_hal_flash_ramfunc.o" --specs=nano.specs -mfpu=fpv4-sp-d16 -mfloat-abi=hard -mthumb -o "Src/Lib/ret6_fw/Drivers/STM32F4xx_HAL_Driver/Src/stm32f4xx_hal_flash_ramfunc.o"
arm-none-eabi-gcc "../Src/Lib/ret6_fw/Drivers/STM32F4xx_HAL_Driver/Src/stm32f4xx_hal_gpio.c" -mcpu=cortex-m4 -std=gnu11 -g3 -DSTM32F401xC -c -I"/Users/chmnku/Developement/STM32_ModuleTest/f401ret6_fw/Src" -I"/Users/chmnku/Developement/STM32_ModuleTest/f401ret6_fw/Src/App/inc" -I"/Users/chmnku/Developement/STM32_ModuleTest/f401ret6_fw/Src/Common" -I"/Users/chmnku/Developement/STM32_ModuleTest/f401ret6_fw/Src/Device/Bsp/inc" -I"/Users/chmnku/Developement/STM32_ModuleTest/f401ret6_fw/Src/Device/Hw/inc" -I"/Users/chmnku/Developement/STM32_ModuleTest/f401ret6_fw/Src/Lib" -I"/Users/chmnku/Developement/STM32_ModuleTest/f401ret6_fw/Src/Lib/ret6_fw/Drivers/CMSIS/Device/ST/STM32F4xx/Include" -I"/Users/chmnku/Developement/STM32_ModuleTest/f401ret6_fw/Src/Lib/ret6_fw/Drivers/CMSIS/Include" -I"/Users/chmnku/Developement/STM32_ModuleTest/f401ret6_fw/Src/Lib/ret6_fw/Drivers/STM32F4xx_HAL_Driver/Inc" -O0 -ffunction-sections -fdata-sections -Wall -fstack-usage -fcyclomatic-complexity -MMD -MP -MF"Src/Lib/ret6_fw/Drivers/STM32F4xx_HAL_Driver/Src/stm32f4xx_hal_gpio.d" -MT"Src/Lib/ret6_fw/Drivers/STM32F4xx_HAL_Driver/Src/stm32f4xx_hal_gpio.o" --specs=nano.specs -mfpu=fpv4-sp-d16 -mfloat-abi=hard -mthumb -o "Src/Lib/ret6_fw/Drivers/STM32F4xx_HAL_Driver/Src/stm32f4xx_hal_gpio.o"
arm-none-eabi-gcc "../Src/Lib/ret6_fw/Drivers/STM32F4xx_HAL_Driver/Src/stm32f4xx_hal_pwr.c" -mcpu=cortex-m4 -std=gnu11 -g3 -DSTM32F401xC -c -I"/Users/chmnku/Developement/STM32_ModuleTest/f401ret6_fw/Src" -I"/Users/chmnku/Developement/STM32_ModuleTest/f401ret6_fw/Src/App/inc" -I"/Users/chmnku/Developement/STM32_ModuleTest/f401ret6_fw/Src/Common" -I"/Users/chmnku/Developement/STM32_ModuleTest/f401ret6_fw/Src/Device/Bsp/inc" -I"/Users/chmnku/Developement/STM32_ModuleTest/f401ret6_fw/Src/Device/Hw/inc" -I"/Users/chmnku/Developement/STM32_ModuleTest/f401ret6_fw/Src/Lib" -I"/Users/chmnku/Developement/STM32_ModuleTest/f401ret6_fw/Src/Lib/ret6_fw/Drivers/CMSIS/Device/ST/STM32F4xx/Include" -I"/Users/chmnku/Developement/STM32_ModuleTest/f401ret6_fw/Src/Lib/ret6_fw/Drivers/CMSIS/Include" -I"/Users/chmnku/Developement/STM32_ModuleTest/f401ret6_fw/Src/Lib/ret6_fw/Drivers/STM32F4xx_HAL_Driver/Inc" -O0 -ffunction-sections -fdata-sections -Wall -fstack-usage -fcyclomatic-complexity -MMD -MP -MF"Src/Lib/ret6_fw/Drivers/STM32F4xx_HAL_Driver/Src/stm32f4xx_hal_pwr.d" -MT"Src/Lib/ret6_fw/Drivers/STM32F4xx_HAL_Driver/Src/stm32f4xx_hal_pwr.o" --specs=nano.specs -mfpu=fpv4-sp-d16 -mfloat-abi=hard -mthumb -o "Src/Lib/ret6_fw/Drivers/STM32F4xx_HAL_Driver/Src/stm32f4xx_hal_pwr.o"
arm-none-eabi-gcc "../Src/Lib/ret6_fw/Drivers/STM32F4xx_HAL_Driver/Src/stm32f4xx_hal_pwr_ex.c" -mcpu=cortex-m4 -std=gnu11 -g3 -DSTM32F401xC -c -I"/Users/chmnku/Developement/STM32_ModuleTest/f401ret6_fw/Src" -I"/Users/chmnku/Developement/STM32_ModuleTest/f401ret6_fw/Src/App/inc" -I"/Users/chmnku/Developement/STM32_ModuleTest/f401ret6_fw/Src/Common" -I"/Users/chmnku/Developement/STM32_ModuleTest/f401ret6_fw/Src/Device/Bsp/inc" -I"/Users/chmnku/Developement/STM32_ModuleTest/f401ret6_fw/Src/Device/Hw/inc" -I"/Users/chmnku/Developement/STM32_ModuleTest/f401ret6_fw/Src/Lib" -I"/Users/chmnku/Developement/STM32_ModuleTest/f401ret6_fw/Src/Lib/ret6_fw/Drivers/CMSIS/Device/ST/STM32F4xx/Include" -I"/Users/chmnku/Developement/STM32_ModuleTest/f401ret6_fw/Src/Lib/ret6_fw/Drivers/CMSIS/Include" -I"/Users/chmnku/Developement/STM32_ModuleTest/f401ret6_fw/Src/Lib/ret6_fw/Drivers/STM32F4xx_HAL_Driver/Inc" -O0 -ffunction-sections -fdata-sections -Wall -fstack-usage -fcyclomatic-complexity -MMD -MP -MF"Src/Lib/ret6_fw/Drivers/STM32F4xx_HAL_Driver/Src/stm32f4xx_hal_pwr_ex.d" -MT"Src/Lib/ret6_fw/Drivers/STM32F4xx_HAL_Driver/Src/stm32f4xx_hal_pwr_ex.o" --specs=nano.specs -mfpu=fpv4-sp-d16 -mfloat-abi=hard -mthumb -o "Src/Lib/ret6_fw/Drivers/STM32F4xx_HAL_Driver/Src/stm32f4xx_hal_pwr_ex.o"
arm-none-eabi-gcc "../Src/Lib/ret6_fw/Drivers/STM32F4xx_HAL_Driver/Src/stm32f4xx_hal_rcc.c" -mcpu=cortex-m4 -std=gnu11 -g3 -DSTM32F401xC -c -I"/Users/chmnku/Developement/STM32_ModuleTest/f401ret6_fw/Src" -I"/Users/chmnku/Developement/STM32_ModuleTest/f401ret6_fw/Src/App/inc" -I"/Users/chmnku/Developement/STM32_ModuleTest/f401ret6_fw/Src/Common" -I"/Users/chmnku/Developement/STM32_ModuleTest/f401ret6_fw/Src/Device/Bsp/inc" -I"/Users/chmnku/Developement/STM32_ModuleTest/f401ret6_fw/Src/Device/Hw/inc" -I"/Users/chmnku/Developement/STM32_ModuleTest/f401ret6_fw/Src/Lib" -I"/Users/chmnku/Developement/STM32_ModuleTest/f401ret6_fw/Src/Lib/ret6_fw/Drivers/CMSIS/Device/ST/STM32F4xx/Include" -I"/Users/chmnku/Developement/STM32_ModuleTest/f401ret6_fw/Src/Lib/ret6_fw/Drivers/CMSIS/Include" -I"/Users/chmnku/Developement/STM32_ModuleTest/f401ret6_fw/Src/Lib/ret6_fw/Drivers/STM32F4xx_HAL_Driver/Inc" -O0 -ffunction-sections -fdata-sections -Wall -fstack-usage -fcyclomatic-complexity -MMD -MP -MF"Src/Lib/ret6_fw/Drivers/STM32F4xx_HAL_Driver/Src/stm32f4xx_hal_rcc.d" -MT"Src/Lib/ret6_fw/Drivers/STM32F4xx_HAL_Driver/Src/stm32f4xx_hal_rcc.o" --specs=nano.specs -mfpu=fpv4-sp-d16 -mfloat-abi=hard -mthumb -o "Src/Lib/ret6_fw/Drivers/STM32F4xx_HAL_Driver/Src/stm32f4xx_hal_rcc.o"
arm-none-eabi-gcc "../Src/Lib/ret6_fw/Drivers/STM32F4xx_HAL_Driver/Src/stm32f4xx_hal_rcc_ex.c" -mcpu=cortex-m4 -std=gnu11 -g3 -DSTM32F401xC -c -I"/Users/chmnku/Developement/STM32_ModuleTest/f401ret6_fw/Src" -I"/Users/chmnku/Developement/STM32_ModuleTest/f401ret6_fw/Src/App/inc" -I"/Users/chmnku/Developement/STM32_ModuleTest/f401ret6_fw/Src/Common" -I"/Users/chmnku/Developement/STM32_ModuleTest/f401ret6_fw/Src/Device/Bsp/inc" -I"/Users/chmnku/Developement/STM32_ModuleTest/f401ret6_fw/Src/Device/Hw/inc" -I"/Users/chmnku/Developement/STM32_ModuleTest/f401ret6_fw/Src/Lib" -I"/Users/chmnku/Developement/STM32_ModuleTest/f401ret6_fw/Src/Lib/ret6_fw/Drivers/CMSIS/Device/ST/STM32F4xx/Include" -I"/Users/chmnku/Developement/STM32_ModuleTest/f401ret6_fw/Src/Lib/ret6_fw/Drivers/CMSIS/Include" -I"/Users/chmnku/Developement/STM32_ModuleTest/f401ret6_fw/Src/Lib/ret6_fw/Drivers/STM32F4xx_HAL_Driver/Inc" -O0 -ffunction-sections -fdata-sections -Wall -fstack-usage -fcyclomatic-complexity -MMD -MP -MF"Src/Lib/ret6_fw/Drivers/STM32F4xx_HAL_Driver/Src/stm32f4xx_hal_rcc_ex.d" -MT"Src/Lib/ret6_fw/Drivers/STM32F4xx_HAL_Driver/Src/stm32f4xx_hal_rcc_ex.o" --specs=nano.specs -mfpu=fpv4-sp-d16 -mfloat-abi=hard -mthumb -o "Src/Lib/ret6_fw/Drivers/STM32F4xx_HAL_Driver/Src/stm32f4xx_hal_rcc_ex.o"
arm-none-eabi-gcc "../Src/Lib/ret6_fw/Drivers/STM32F4xx_HAL_Driver/Src/stm32f4xx_hal_tim.c" -mcpu=cortex-m4 -std=gnu11 -g3 -DSTM32F401xC -c -I"/Users/chmnku/Developement/STM32_ModuleTest/f401ret6_fw/Src" -I"/Users/chmnku/Developement/STM32_ModuleTest/f401ret6_fw/Src/App/inc" -I"/Users/chmnku/Developement/STM32_ModuleTest/f401ret6_fw/Src/Common" -I"/Users/chmnku/Developement/STM32_ModuleTest/f401ret6_fw/Src/Device/Bsp/inc" -I"/Users/chmnku/Developement/STM32_ModuleTest/f401ret6_fw/Src/Device/Hw/inc" -I"/Users/chmnku/Developement/STM32_ModuleTest/f401ret6_fw/Src/Lib" -I"/Users/chmnku/Developement/STM32_ModuleTest/f401ret6_fw/Src/Lib/ret6_fw/Drivers/CMSIS/Device/ST/STM32F4xx/Include" -I"/Users/chmnku/Developement/STM32_ModuleTest/f401ret6_fw/Src/Lib/ret6_fw/Drivers/CMSIS/Include" -I"/Users/chmnku/Developement/STM32_ModuleTest/f401ret6_fw/Src/Lib/ret6_fw/Drivers/STM32F4xx_HAL_Driver/Inc" -O0 -ffunction-sections -fdata-sections -Wall -fstack-usage -fcyclomatic-complexity -MMD -MP -MF"Src/Lib/ret6_fw/Drivers/STM32F4xx_HAL_Driver/Src/stm32f4xx_hal_tim.d" -MT"Src/Lib/ret6_fw/Drivers/STM32F4xx_HAL_Driver/Src/stm32f4xx_hal_tim.o" --specs=nano.specs -mfpu=fpv4-sp-d16 -mfloat-abi=hard -mthumb -o "Src/Lib/ret6_fw/Drivers/STM32F4xx_HAL_Driver/Src/stm32f4xx_hal_tim.o"
arm-none-eabi-gcc "../Src/Lib/ret6_fw/Drivers/STM32F4xx_HAL_Driver/Src/stm32f4xx_hal_tim_ex.c" -mcpu=cortex-m4 -std=gnu11 -g3 -DSTM32F401xC -c -I"/Users/chmnku/Developement/STM32_ModuleTest/f401ret6_fw/Src" -I"/Users/chmnku/Developement/STM32_ModuleTest/f401ret6_fw/Src/App/inc" -I"/Users/chmnku/Developement/STM32_ModuleTest/f401ret6_fw/Src/Common" -I"/Users/chmnku/Developement/STM32_ModuleTest/f401ret6_fw/Src/Device/Bsp/inc" -I"/Users/chmnku/Developement/STM32_ModuleTest/f401ret6_fw/Src/Device/Hw/inc" -I"/Users/chmnku/Developement/STM32_ModuleTest/f401ret6_fw/Src/Lib" -I"/Users/chmnku/Developement/STM32_ModuleTest/f401ret6_fw/Src/Lib/ret6_fw/Drivers/CMSIS/Device/ST/STM32F4xx/Include" -I"/Users/chmnku/Developement/STM32_ModuleTest/f401ret6_fw/Src/Lib/ret6_fw/Drivers/CMSIS/Include" -I"/Users/chmnku/Developement/STM32_ModuleTest/f401ret6_fw/Src/Lib/ret6_fw/Drivers/STM32F4xx_HAL_Driver/Inc" -O0 -ffunction-sections -fdata-sections -Wall -fstack-usage -fcyclomatic-complexity -MMD -MP -MF"Src/Lib/ret6_fw/Drivers/STM32F4xx_HAL_Driver/Src/stm32f4xx_hal_tim_ex.d" -MT"Src/Lib/ret6_fw/Drivers/STM32F4xx_HAL_Driver/Src/stm32f4xx_hal_tim_ex.o" --specs=nano.specs -mfpu=fpv4-sp-d16 -mfloat-abi=hard -mthumb -o "Src/Lib/ret6_fw/Drivers/STM32F4xx_HAL_Driver/Src/stm32f4xx_hal_tim_ex.o"
arm-none-eabi-gcc "../Src/Device/Hw/src/hw.c" -mcpu=cortex-m4 -std=gnu11 -g3 -DSTM32F401xC -c -I"/Users/chmnku/Developement/STM32_ModuleTest/f401ret6_fw/Src" -I"/Users/chmnku/Developement/STM32_ModuleTest/f401ret6_fw/Src/App/inc" -I"/Users/chmnku/Developement/STM32_ModuleTest/f401ret6_fw/Src/Common" -I"/Users/chmnku/Developement/STM32_ModuleTest/f401ret6_fw/Src/Device/Bsp/inc" -I"/Users/chmnku/Developement/STM32_ModuleTest/f401ret6_fw/Src/Device/Hw/inc" -I"/Users/chmnku/Developement/STM32_ModuleTest/f401ret6_fw/Src/Lib" -I"/Users/chmnku/Developement/STM32_ModuleTest/f401ret6_fw/Src/Lib/ret6_fw/Drivers/CMSIS/Device/ST/STM32F4xx/Include" -I"/Users/chmnku/Developement/STM32_ModuleTest/f401ret6_fw/Src/Lib/ret6_fw/Drivers/CMSIS/Include" -I"/Users/chmnku/Developement/STM32_ModuleTest/f401ret6_fw/Src/Lib/ret6_fw/Drivers/STM32F4xx_HAL_Driver/Inc" -O0 -ffunction-sections -fdata-sections -Wall -fstack-usage -fcyclomatic-complexity -MMD -MP -MF"Src/Device/Hw/src/hw.d" -MT"Src/Device/Hw/src/hw.o" --specs=nano.specs -mfpu=fpv4-sp-d16 -mfloat-abi=hard -mthumb -o "Src/Device/Hw/src/hw.o"
arm-none-eabi-gcc -mcpu=cortex-m4 -g3 -DDEBUG -c -x assembler-with-cpp -MMD -MP -MF"Src/Device/Bsp/startup/startup_stm32f401ccux.d" -MT"Src/Device/Bsp/startup/startup_stm32f401ccux.o" --specs=nano.specs -mfpu=fpv4-sp-d16 -mfloat-abi=hard -mthumb -o "Src/Device/Bsp/startup/startup_stm32f401ccux.o" "../Src/Device/Bsp/startup/startup_stm32f401ccux.s"
arm-none-eabi-gcc "../Src/Device/Bsp/src/bsp.c" -mcpu=cortex-m4 -std=gnu11 -g3 -DSTM32F401xC -c -I"/Users/chmnku/Developement/STM32_ModuleTest/f401ret6_fw/Src" -I"/Users/chmnku/Developement/STM32_ModuleTest/f401ret6_fw/Src/App/inc" -I"/Users/chmnku/Developement/STM32_ModuleTest/f401ret6_fw/Src/Common" -I"/Users/chmnku/Developement/STM32_ModuleTest/f401ret6_fw/Src/Device/Bsp/inc" -I"/Users/chmnku/Developement/STM32_ModuleTest/f401ret6_fw/Src/Device/Hw/inc" -I"/Users/chmnku/Developement/STM32_ModuleTest/f401ret6_fw/Src/Lib" -I"/Users/chmnku/Developement/STM32_ModuleTest/f401ret6_fw/Src/Lib/ret6_fw/Drivers/CMSIS/Device/ST/STM32F4xx/Include" -I"/Users/chmnku/Developement/STM32_ModuleTest/f401ret6_fw/Src/Lib/ret6_fw/Drivers/CMSIS/Include" -I"/Users/chmnku/Developement/STM32_ModuleTest/f401ret6_fw/Src/Lib/ret6_fw/Drivers/STM32F4xx_HAL_Driver/Inc" -O0 -ffunction-sections -fdata-sections -Wall -fstack-usage -fcyclomatic-complexity -MMD -MP -MF"Src/Device/Bsp/src/bsp.d" -MT"Src/Device/Bsp/src/bsp.o" --specs=nano.specs -mfpu=fpv4-sp-d16 -mfloat-abi=hard -mthumb -o "Src/Device/Bsp/src/bsp.o"
arm-none-eabi-gcc "../Src/Device/Bsp/src/stm32f4xx_hal_msp.c" -mcpu=cortex-m4 -std=gnu11 -g3 -DSTM32F401xC -c -I"/Users/chmnku/Developement/STM32_ModuleTest/f401ret6_fw/Src" -I"/Users/chmnku/Developement/STM32_ModuleTest/f401ret6_fw/Src/App/inc" -I"/Users/chmnku/Developement/STM32_ModuleTest/f401ret6_fw/Src/Common" -I"/Users/chmnku/Developement/STM32_ModuleTest/f401ret6_fw/Src/Device/Bsp/inc" -I"/Users/chmnku/Developement/STM32_ModuleTest/f401ret6_fw/Src/Device/Hw/inc" -I"/Users/chmnku/Developement/STM32_ModuleTest/f401ret6_fw/Src/Lib" -I"/Users/chmnku/Developement/STM32_ModuleTest/f401ret6_fw/Src/Lib/ret6_fw/Drivers/CMSIS/Device/ST/STM32F4xx/Include" -I"/Users/chmnku/Developement/STM32_ModuleTest/f401ret6_fw/Src/Lib/ret6_fw/Drivers/CMSIS/Include" -I"/Users/chmnku/Developement/STM32_ModuleTest/f401ret6_fw/Src/Lib/ret6_fw/Drivers/STM32F4xx_HAL_Driver/Inc" -O0 -ffunction-sections -fdata-sections -Wall -fstack-usage -fcyclomatic-complexity -MMD -MP -MF"Src/Device/Bsp/src/stm32f4xx_hal_msp.d" -MT"Src/Device/Bsp/src/stm32f4xx_hal_msp.o" --specs=nano.specs -mfpu=fpv4-sp-d16 -mfloat-abi=hard -mthumb -o "Src/Device/Bsp/src/stm32f4xx_hal_msp.o"
arm-none-eabi-gcc "../Src/Device/Bsp/src/stm32f4xx_it.c" -mcpu=cortex-m4 -std=gnu11 -g3 -DSTM32F401xC -c -I"/Users/chmnku/Developement/STM32_ModuleTest/f401ret6_fw/Src" -I"/Users/chmnku/Developement/STM32_ModuleTest/f401ret6_fw/Src/App/inc" -I"/Users/chmnku/Developement/STM32_ModuleTest/f401ret6_fw/Src/Common" -I"/Users/chmnku/Developement/STM32_ModuleTest/f401ret6_fw/Src/Device/Bsp/inc" -I"/Users/chmnku/Developement/STM32_ModuleTest/f401ret6_fw/Src/Device/Hw/inc" -I"/Users/chmnku/Developement/STM32_ModuleTest/f401ret6_fw/Src/Lib" -I"/Users/chmnku/Developement/STM32_ModuleTest/f401ret6_fw/Src/Lib/ret6_fw/Drivers/CMSIS/Device/ST/STM32F4xx/Include" -I"/Users/chmnku/Developement/STM32_ModuleTest/f401ret6_fw/Src/Lib/ret6_fw/Drivers/CMSIS/Include" -I"/Users/chmnku/Developement/STM32_ModuleTest/f401ret6_fw/Src/Lib/ret6_fw/Drivers/STM32F4xx_HAL_Driver/Inc" -O0 -ffunction-sections -fdata-sections -Wall -fstack-usage -fcyclomatic-complexity -MMD -MP -MF"Src/Device/Bsp/src/stm32f4xx_it.d" -MT"Src/Device/Bsp/src/stm32f4xx_it.o" --specs=nano.specs -mfpu=fpv4-sp-d16 -mfloat-abi=hard -mthumb -o "Src/Device/Bsp/src/stm32f4xx_it.o"
arm-none-eabi-gcc "../Src/Device/Bsp/src/system_stm32f4xx.c" -mcpu=cortex-m4 -std=gnu11 -g3 -DSTM32F401xC -c -I"/Users/chmnku/Developement/STM32_ModuleTest/f401ret6_fw/Src" -I"/Users/chmnku/Developement/STM32_ModuleTest/f401ret6_fw/Src/App/inc" -I"/Users/chmnku/Developement/STM32_ModuleTest/f401ret6_fw/Src/Common" -I"/Users/chmnku/Developement/STM32_ModuleTest/f401ret6_fw/Src/Device/Bsp/inc" -I"/Users/chmnku/Developement/STM32_ModuleTest/f401ret6_fw/Src/Device/Hw/inc" -I"/Users/chmnku/Developement/STM32_ModuleTest/f401ret6_fw/Src/Lib" -I"/Users/chmnku/Developement/STM32_ModuleTest/f401ret6_fw/Src/Lib/ret6_fw/Drivers/CMSIS/Device/ST/STM32F4xx/Include" -I"/Users/chmnku/Developement/STM32_ModuleTest/f401ret6_fw/Src/Lib/ret6_fw/Drivers/CMSIS/Include" -I"/Users/chmnku/Developement/STM32_ModuleTest/f401ret6_fw/Src/Lib/ret6_fw/Drivers/STM32F4xx_HAL_Driver/Inc" -O0 -ffunction-sections -fdata-sections -Wall -fstack-usage -fcyclomatic-complexity -MMD -MP -MF"Src/Device/Bsp/src/system_stm32f4xx.d" -MT"Src/Device/Bsp/src/system_stm32f4xx.o" --specs=nano.specs -mfpu=fpv4-sp-d16 -mfloat-abi=hard -mthumb -o "Src/Device/Bsp/src/system_stm32f4xx.o"
arm-none-eabi-gcc "../Src/Device/Bsp/syscalls.c" -mcpu=cortex-m4 -std=gnu11 -g3 -DSTM32F401xC -c -I"/Users/chmnku/Developement/STM32_ModuleTest/f401ret6_fw/Src" -I"/Users/chmnku/Developement/STM32_ModuleTest/f401ret6_fw/Src/App/inc" -I"/Users/chmnku/Developement/STM32_ModuleTest/f401ret6_fw/Src/Common" -I"/Users/chmnku/Developement/STM32_ModuleTest/f401ret6_fw/Src/Device/Bsp/inc" -I"/Users/chmnku/Developement/STM32_ModuleTest/f401ret6_fw/Src/Device/Hw/inc" -I"/Users/chmnku/Developement/STM32_ModuleTest/f401ret6_fw/Src/Lib" -I"/Users/chmnku/Developement/STM32_ModuleTest/f401ret6_fw/Src/Lib/ret6_fw/Drivers/CMSIS/Device/ST/STM32F4xx/Include" -I"/Users/chmnku/Developement/STM32_ModuleTest/f401ret6_fw/Src/Lib/ret6_fw/Drivers/CMSIS/Include" -I"/Users/chmnku/Developement/STM32_ModuleTest/f401ret6_fw/Src/Lib/ret6_fw/Drivers/STM32F4xx_HAL_Driver/Inc" -O0 -ffunction-sections -fdata-sections -Wall -fstack-usage -fcyclomatic-complexity -MMD -MP -MF"Src/Device/Bsp/syscalls.d" -MT"Src/Device/Bsp/syscalls.o" --specs=nano.specs -mfpu=fpv4-sp-d16 -mfloat-abi=hard -mthumb -o "Src/Device/Bsp/syscalls.o"
arm-none-eabi-gcc "../Src/Device/Bsp/sysmem.c" -mcpu=cortex-m4 -std=gnu11 -g3 -DSTM32F401xC -c -I"/Users/chmnku/Developement/STM32_ModuleTest/f401ret6_fw/Src" -I"/Users/chmnku/Developement/STM32_ModuleTest/f401ret6_fw/Src/App/inc" -I"/Users/chmnku/Developement/STM32_ModuleTest/f401ret6_fw/Src/Common" -I"/Users/chmnku/Developement/STM32_ModuleTest/f401ret6_fw/Src/Device/Bsp/inc" -I"/Users/chmnku/Developement/STM32_ModuleTest/f401ret6_fw/Src/Device/Hw/inc" -I"/Users/chmnku/Developement/STM32_ModuleTest/f401ret6_fw/Src/Lib" -I"/Users/chmnku/Developement/STM32_ModuleTest/f401ret6_fw/Src/Lib/ret6_fw/Drivers/CMSIS/Device/ST/STM32F4xx/Include" -I"/Users/chmnku/Developement/STM32_ModuleTest/f401ret6_fw/Src/Lib/ret6_fw/Drivers/CMSIS/Include" -I"/Users/chmnku/Developement/STM32_ModuleTest/f401ret6_fw/Src/Lib/ret6_fw/Drivers/STM32F4xx_HAL_Driver/Inc" -O0 -ffunction-sections -fdata-sections -Wall -fstack-usage -fcyclomatic-complexity -MMD -MP -MF"Src/Device/Bsp/sysmem.d" -MT"Src/Device/Bsp/sysmem.o" --specs=nano.specs -mfpu=fpv4-sp-d16 -mfloat-abi=hard -mthumb -o "Src/Device/Bsp/sysmem.o"
arm-none-eabi-gcc "../Src/App/src/app.c" -mcpu=cortex-m4 -std=gnu11 -g3 -DSTM32F401xC -c -I"/Users/chmnku/Developement/STM32_ModuleTest/f401ret6_fw/Src" -I"/Users/chmnku/Developement/STM32_ModuleTest/f401ret6_fw/Src/App/inc" -I"/Users/chmnku/Developement/STM32_ModuleTest/f401ret6_fw/Src/Common" -I"/Users/chmnku/Developement/STM32_ModuleTest/f401ret6_fw/Src/Device/Bsp/inc" -I"/Users/chmnku/Developement/STM32_ModuleTest/f401ret6_fw/Src/Device/Hw/inc" -I"/Users/chmnku/Developement/STM32_ModuleTest/f401ret6_fw/Src/Lib" -I"/Users/chmnku/Developement/STM32_ModuleTest/f401ret6_fw/Src/Lib/ret6_fw/Drivers/CMSIS/Device/ST/STM32F4xx/Include" -I"/Users/chmnku/Developement/STM32_ModuleTest/f401ret6_fw/Src/Lib/ret6_fw/Drivers/CMSIS/Include" -I"/Users/chmnku/Developement/STM32_ModuleTest/f401ret6_fw/Src/Lib/ret6_fw/Drivers/STM32F4xx_HAL_Driver/Inc" -O0 -ffunction-sections -fdata-sections -Wall -fstack-usage -fcyclomatic-complexity -MMD -MP -MF"Src/App/src/app.d" -MT"Src/App/src/app.o" --specs=nano.specs -mfpu=fpv4-sp-d16 -mfloat-abi=hard -mthumb -o "Src/App/src/app.o"
arm-none-eabi-gcc "../Src/main.c" -mcpu=cortex-m4 -std=gnu11 -g3 -DSTM32F401xC -c -I"/Users/chmnku/Developement/STM32_ModuleTest/f401ret6_fw/Src" -I"/Users/chmnku/Developement/STM32_ModuleTest/f401ret6_fw/Src/App/inc" -I"/Users/chmnku/Developement/STM32_ModuleTest/f401ret6_fw/Src/Common" -I"/Users/chmnku/Developement/STM32_ModuleTest/f401ret6_fw/Src/Device/Bsp/inc" -I"/Users/chmnku/Developement/STM32_ModuleTest/f401ret6_fw/Src/Device/Hw/inc" -I"/Users/chmnku/Developement/STM32_ModuleTest/f401ret6_fw/Src/Lib" -I"/Users/chmnku/Developement/STM32_ModuleTest/f401ret6_fw/Src/Lib/ret6_fw/Drivers/CMSIS/Device/ST/STM32F4xx/Include" -I"/Users/chmnku/Developement/STM32_ModuleTest/f401ret6_fw/Src/Lib/ret6_fw/Drivers/CMSIS/Include" -I"/Users/chmnku/Developement/STM32_ModuleTest/f401ret6_fw/Src/Lib/ret6_fw/Drivers/STM32F4xx_HAL_Driver/Inc" -O0 -ffunction-sections -fdata-sections -Wall -fstack-usage -fcyclomatic-complexity -MMD -MP -MF"Src/main.d" -MT"Src/main.o" --specs=nano.specs -mfpu=fpv4-sp-d16 -mfloat-abi=hard -mthumb -o "Src/main.o"
arm-none-eabi-gcc -o "usb_cdc.elf" @"objects.list"   -mcpu=cortex-m4 -T"/Users/chmnku/Developement/STM32_ModuleTest/f401ret6_fw/Src/Device/Bsp/ldscript/STM32F401CCUX_FLASH.ld" --specs=nosys.specs -Wl,-Map="usb_cdc.map" -Wl,--gc-sections -static --specs=nano.specs -mfpu=fpv4-sp-d16 -mfloat-abi=hard -mthumb -Wl,--start-group -lc -lm -Wl,--end-group
Finished building target: usb_cdc.elf
 
arm-none-eabi-size  usb_cdc.elf 
arm-none-eabi-objdump -h -S usb_cdc.elf  > "usb_cdc.list"
   text	   data	    bss	    dec	    hex	filename
   5892	     20	   1572	   7484	   1d3c	usb_cdc.elf
Finished building: default.size.stdout
 
Finished building: usb_cdc.list
 
02:24:14 **** Incremental Build of configuration Debug for project usb_cdc ****
make -j10 all 
arm-none-eabi-gcc "../Src/Device/Hw/src/hw.c" -mcpu=cortex-m4 -std=gnu11 -g3 -DSTM32F401xC -c -I"/Users/chmnku/Developement/STM32_ModuleTest/f401ret6_fw/Src" -I"/Users/chmnku/Developement/STM32_ModuleTest/f401ret6_fw/Src/App/inc" -I"/Users/chmnku/Developement/STM32_ModuleTest/f401ret6_fw/Src/Common" -I"/Users/chmnku/Developement/STM32_ModuleTest/f401ret6_fw/Src/Device/Bsp/inc" -I"/Users/chmnku/Developement/STM32_ModuleTest/f401ret6_fw/Src/Device/Hw/inc" -I"/Users/chmnku/Developement/STM32_ModuleTest/f401ret6_fw/Src/Lib" -I"/Users/chmnku/Developement/STM32_ModuleTest/f401ret6_fw/Src/Lib/ret6_fw/Drivers/CMSIS/Device/ST/STM32F4xx/Include" -I"/Users/chmnku/Developement/STM32_ModuleTest/f401ret6_fw/Src/Lib/ret6_fw/Drivers/CMSIS/Include" -I"/Users/chmnku/Developement/STM32_ModuleTest/f401ret6_fw/Src/Lib/ret6_fw/Drivers/STM32F4xx_HAL_Driver/Inc" -O0 -ffunction-sections -fdata-sections -Wall -fstack-usage -fcyclomatic-complexity -MMD -MP -MF"Src/Device/Hw/src/hw.d" -MT"Src/Device/Hw/src/hw.o" --specs=nano.specs -mfpu=fpv4-sp-d16 -mfloat-abi=hard -mthumb -o "Src/Device/Hw/src/hw.o"
arm-none-eabi-gcc "../Src/Device/Bsp/src/bsp.c" -mcpu=cortex-m4 -std=gnu11 -g3 -DSTM32F401xC -c -I"/Users/chmnku/Developement/STM32_ModuleTest/f401ret6_fw/Src" -I"/Users/chmnku/Developement/STM32_ModuleTest/f401ret6_fw/Src/App/inc" -I"/Users/chmnku/Developement/STM32_ModuleTest/f401ret6_fw/Src/Common" -I"/Users/chmnku/Developement/STM32_ModuleTest/f401ret6_fw/Src/Device/Bsp/inc" -I"/Users/chmnku/Developement/STM32_ModuleTest/f401ret6_fw/Src/Device/Hw/inc" -I"/Users/chmnku/Developement/STM32_ModuleTest/f401ret6_fw/Src/Lib" -I"/Users/chmnku/Developement/STM32_ModuleTest/f401ret6_fw/Src/Lib/ret6_fw/Drivers/CMSIS/Device/ST/STM32F4xx/Include" -I"/Users/chmnku/Developement/STM32_ModuleTest/f401ret6_fw/Src/Lib/ret6_fw/Drivers/CMSIS/Include" -I"/Users/chmnku/Developement/STM32_ModuleTest/f401ret6_fw/Src/Lib/ret6_fw/Drivers/STM32F4xx_HAL_Driver/Inc" -O0 -ffunction-sections -fdata-sections -Wall -fstack-usage -fcyclomatic-complexity -MMD -MP -MF"Src/Device/Bsp/src/bsp.d" -MT"Src/Device/Bsp/src/bsp.o" --specs=nano.specs -mfpu=fpv4-sp-d16 -mfloat-abi=hard -mthumb -o "Src/Device/Bsp/src/bsp.o"
arm-none-eabi-gcc "../Src/Device/Bsp/src/stm32f4xx_hal_msp.c" -mcpu=cortex-m4 -std=gnu11 -g3 -DSTM32F401xC -c -I"/Users/chmnku/Developement/STM32_ModuleTest/f401ret6_fw/Src" -I"/Users/chmnku/Developement/STM32_ModuleTest/f401ret6_fw/Src/App/inc" -I"/Users/chmnku/Developement/STM32_ModuleTest/f401ret6_fw/Src/Common" -I"/Users/chmnku/Developement/STM32_ModuleTest/f401ret6_fw/Src/Device/Bsp/inc" -I"/Users/chmnku/Developement/STM32_ModuleTest/f401ret6_fw/Src/Device/Hw/inc" -I"/Users/chmnku/Developement/STM32_ModuleTest/f401ret6_fw/Src/Lib" -I"/Users/chmnku/Developement/STM32_ModuleTest/f401ret6_fw/Src/Lib/ret6_fw/Drivers/CMSIS/Device/ST/STM32F4xx/Include" -I"/Users/chmnku/Developement/STM32_ModuleTest/f401ret6_fw/Src/Lib/ret6_fw/Drivers/CMSIS/Include" -I"/Users/chmnku/Developement/STM32_ModuleTest/f401ret6_fw/Src/Lib/ret6_fw/Drivers/STM32F4xx_HAL_Driver/Inc" -O0 -ffunction-sections -fdata-sections -Wall -fstack-usage -fcyclomatic-complexity -MMD -MP -MF"Src/Device/Bsp/src/stm32f4xx_hal_msp.d" -MT"Src/Device/Bsp/src/stm32f4xx_hal_msp.o" --specs=nano.specs -mfpu=fpv4-sp-d16 -mfloat-abi=hard -mthumb -o "Src/Device/Bsp/src/stm32f4xx_hal_msp.o"
arm-none-eabi-gcc "../Src/Device/Bsp/src/stm32f4xx_it.c" -mcpu=cortex-m4 -std=gnu11 -g3 -DSTM32F401xC -c -I"/Users/chmnku/Developement/STM32_ModuleTest/f401ret6_fw/Src" -I"/Users/chmnku/Developement/STM32_ModuleTest/f401ret6_fw/Src/App/inc" -I"/Users/chmnku/Developement/STM32_ModuleTest/f401ret6_fw/Src/Common" -I"/Users/chmnku/Developement/STM32_ModuleTest/f401ret6_fw/Src/Device/Bsp/inc" -I"/Users/chmnku/Developement/STM32_ModuleTest/f401ret6_fw/Src/Device/Hw/inc" -I"/Users/chmnku/Developement/STM32_ModuleTest/f401ret6_fw/Src/Lib" -I"/Users/chmnku/Developement/STM32_ModuleTest/f401ret6_fw/Src/Lib/ret6_fw/Drivers/CMSIS/Device/ST/STM32F4xx/Include" -I"/Users/chmnku/Developement/STM32_ModuleTest/f401ret6_fw/Src/Lib/ret6_fw/Drivers/CMSIS/Include" -I"/Users/chmnku/Developement/STM32_ModuleTest/f401ret6_fw/Src/Lib/ret6_fw/Drivers/STM32F4xx_HAL_Driver/Inc" -O0 -ffunction-sections -fdata-sections -Wall -fstack-usage -fcyclomatic-complexity -MMD -MP -MF"Src/Device/Bsp/src/stm32f4xx_it.d" -MT"Src/Device/Bsp/src/stm32f4xx_it.o" --specs=nano.specs -mfpu=fpv4-sp-d16 -mfloat-abi=hard -mthumb -o "Src/Device/Bsp/src/stm32f4xx_it.o"
arm-none-eabi-gcc "../Src/main.c" -mcpu=cortex-m4 -std=gnu11 -g3 -DSTM32F401xC -c -I"/Users/chmnku/Developement/STM32_ModuleTest/f401ret6_fw/Src" -I"/Users/chmnku/Developement/STM32_ModuleTest/f401ret6_fw/Src/App/inc" -I"/Users/chmnku/Developement/STM32_ModuleTest/f401ret6_fw/Src/Common" -I"/Users/chmnku/Developement/STM32_ModuleTest/f401ret6_fw/Src/Device/Bsp/inc" -I"/Users/chmnku/Developement/STM32_ModuleTest/f401ret6_fw/Src/Device/Hw/inc" -I"/Users/chmnku/Developement/STM32_ModuleTest/f401ret6_fw/Src/Lib" -I"/Users/chmnku/Developement/STM32_ModuleTest/f401ret6_fw/Src/Lib/ret6_fw/Drivers/CMSIS/Device/ST/STM32F4xx/Include" -I"/Users/chmnku/Developement/STM32_ModuleTest/f401ret6_fw/Src/Lib/ret6_fw/Drivers/CMSIS/Include" -I"/Users/chmnku/Developement/STM32_ModuleTest/f401ret6_fw/Src/Lib/ret6_fw/Drivers/STM32F4xx_HAL_Driver/Inc" -O0 -ffunction-sections -fdata-sections -Wall -fstack-usage -fcyclomatic-complexity -MMD -MP -MF"Src/main.d" -MT"Src/main.o" --specs=nano.specs -mfpu=fpv4-sp-d16 -mfloat-abi=hard -mthumb -o "Src/main.o"
arm-none-eabi-gcc -o "usb_cdc.elf" @"objects.list"   -mcpu=cortex-m4 -T"/Users/chmnku/Developement/STM32_ModuleTest/f401ret6_fw/Src/Device/Bsp/ldscript/STM32F401CCUX_FLASH.ld" --specs=nosys.specs -Wl,-Map="usb_cdc.map" -Wl,--gc-sections -static --specs=nano.specs -mfpu=fpv4-sp-d16 -mfloat-abi=hard -mthumb -Wl,--start-group -lc -lm -Wl,--end-group
Finished building target: usb_cdc.elf
 
arm-none-eabi-size  usb_cdc.elf 
arm-none-eabi-objdump -h -S usb_cdc.elf  > "usb_cdc.list"
   text	   data	    bss	    dec	    hex	filename
   5892	     20	   1572	   7484	   1d3c	usb_cdc.elf
Finished building: default.size.stdout
 
Finished building: usb_cdc.list
 
02:24:54 **** Incremental Build of configuration Debug for project usb_cdc ****
make -j10 all 
arm-none-eabi-size  usb_cdc.elf 
   text	   data	    bss	    dec	    hex	filename
   5892	     20	   1572	   7484	   1d3c	usb_cdc.elf
Finished building: default.size.stdout
 
