../Src/Lib/ret6_fw/USB_DEVICE/App/usbd_cdc_if.c:32:10:cdcAvailable	16	static
../Src/Lib/ret6_fw/USB_DEVICE/App/usbd_cdc_if.c:41:6:cdcDataIn	24	static
../Src/Lib/ret6_fw/USB_DEVICE/App/usbd_cdc_if.c:55:9:cdcRead	16	static
../Src/Lib/ret6_fw/USB_DEVICE/App/usbd_cdc_if.c:69:10:cdcWrite	24	static
../Src/Lib/ret6_fw/USB_DEVICE/App/usbd_cdc_if.c:224:15:CDC_Init_FS	8	static
../Src/Lib/ret6_fw/USB_DEVICE/App/usbd_cdc_if.c:238:15:CDC_DeInit_FS	4	static
../Src/Lib/ret6_fw/USB_DEVICE/App/usbd_cdc_if.c:252:15:CDC_Control_FS	16	static
../Src/Lib/ret6_fw/USB_DEVICE/App/usbd_cdc_if.c:333:15:CDC_Receive_FS	24	static
../Src/Lib/ret6_fw/USB_DEVICE/App/usbd_cdc_if.c:359:9:CDC_Transmit_FS	24	static
../Src/Lib/ret6_fw/USB_DEVICE/App/usbd_cdc_if.c:385:15:CDC_TransmitCplt_FS	32	static
