Archive member included to satisfy reference by file (symbol)

/Applications/STM32CubeIDE.app/Contents/Eclipse/plugins/com.st.stm32cube.ide.mcu.externaltools.gnu-tools-for-stm32.11.3.rel1.macos64_1.1.100.202310310803/tools/bin/../lib/gcc/arm-none-eabi/11.3.1/../../../../arm-none-eabi/lib/thumb/v7e-m+fp/hard/libc_nano.a(libc_a-exit.o)
                              /Applications/STM32CubeIDE.app/Contents/Eclipse/plugins/com.st.stm32cube.ide.mcu.externaltools.gnu-tools-for-stm32.11.3.rel1.macos64_1.1.100.202310310803/tools/bin/../lib/gcc/arm-none-eabi/11.3.1/../../../../arm-none-eabi/lib/thumb/v7e-m+fp/hard/crt0.o (exit)
/Applications/STM32CubeIDE.app/Contents/Eclipse/plugins/com.st.stm32cube.ide.mcu.externaltools.gnu-tools-for-stm32.11.3.rel1.macos64_1.1.100.202310310803/tools/bin/../lib/gcc/arm-none-eabi/11.3.1/../../../../arm-none-eabi/lib/thumb/v7e-m+fp/hard/libc_nano.a(libc_a-findfp.o)
                              /Applications/STM32CubeIDE.app/Contents/Eclipse/plugins/com.st.stm32cube.ide.mcu.externaltools.gnu-tools-for-stm32.11.3.rel1.macos64_1.1.100.202310310803/tools/bin/../lib/gcc/arm-none-eabi/11.3.1/../../../../arm-none-eabi/lib/thumb/v7e-m+fp/hard/libc_nano.a(libc_a-exit.o) (__stdio_exit_handler)
/Applications/STM32CubeIDE.app/Contents/Eclipse/plugins/com.st.stm32cube.ide.mcu.externaltools.gnu-tools-for-stm32.11.3.rel1.macos64_1.1.100.202310310803/tools/bin/../lib/gcc/arm-none-eabi/11.3.1/../../../../arm-none-eabi/lib/thumb/v7e-m+fp/hard/libc_nano.a(libc_a-fwalk.o)
                              /Applications/STM32CubeIDE.app/Contents/Eclipse/plugins/com.st.stm32cube.ide.mcu.externaltools.gnu-tools-for-stm32.11.3.rel1.macos64_1.1.100.202310310803/tools/bin/../lib/gcc/arm-none-eabi/11.3.1/../../../../arm-none-eabi/lib/thumb/v7e-m+fp/hard/libc_nano.a(libc_a-findfp.o) (_fwalk_sglue)
/Applications/STM32CubeIDE.app/Contents/Eclipse/plugins/com.st.stm32cube.ide.mcu.externaltools.gnu-tools-for-stm32.11.3.rel1.macos64_1.1.100.202310310803/tools/bin/../lib/gcc/arm-none-eabi/11.3.1/../../../../arm-none-eabi/lib/thumb/v7e-m+fp/hard/libc_nano.a(libc_a-memset.o)
                              /Applications/STM32CubeIDE.app/Contents/Eclipse/plugins/com.st.stm32cube.ide.mcu.externaltools.gnu-tools-for-stm32.11.3.rel1.macos64_1.1.100.202310310803/tools/bin/../lib/gcc/arm-none-eabi/11.3.1/../../../../arm-none-eabi/lib/thumb/v7e-m+fp/hard/crt0.o (memset)
/Applications/STM32CubeIDE.app/Contents/Eclipse/plugins/com.st.stm32cube.ide.mcu.externaltools.gnu-tools-for-stm32.11.3.rel1.macos64_1.1.100.202310310803/tools/bin/../lib/gcc/arm-none-eabi/11.3.1/../../../../arm-none-eabi/lib/thumb/v7e-m+fp/hard/libc_nano.a(libc_a-impure.o)
                              /Applications/STM32CubeIDE.app/Contents/Eclipse/plugins/com.st.stm32cube.ide.mcu.externaltools.gnu-tools-for-stm32.11.3.rel1.macos64_1.1.100.202310310803/tools/bin/../lib/gcc/arm-none-eabi/11.3.1/../../../../arm-none-eabi/lib/thumb/v7e-m+fp/hard/libc_nano.a(libc_a-findfp.o) (_impure_data)
/Applications/STM32CubeIDE.app/Contents/Eclipse/plugins/com.st.stm32cube.ide.mcu.externaltools.gnu-tools-for-stm32.11.3.rel1.macos64_1.1.100.202310310803/tools/bin/../lib/gcc/arm-none-eabi/11.3.1/../../../../arm-none-eabi/lib/thumb/v7e-m+fp/hard/libc_nano.a(libc_a-errno.o)
                              ./Src/Device/Bsp/syscalls.o (__errno)
/Applications/STM32CubeIDE.app/Contents/Eclipse/plugins/com.st.stm32cube.ide.mcu.externaltools.gnu-tools-for-stm32.11.3.rel1.macos64_1.1.100.202310310803/tools/bin/../lib/gcc/arm-none-eabi/11.3.1/../../../../arm-none-eabi/lib/thumb/v7e-m+fp/hard/libc_nano.a(libc_a-init.o)
                              /Applications/STM32CubeIDE.app/Contents/Eclipse/plugins/com.st.stm32cube.ide.mcu.externaltools.gnu-tools-for-stm32.11.3.rel1.macos64_1.1.100.202310310803/tools/bin/../lib/gcc/arm-none-eabi/11.3.1/../../../../arm-none-eabi/lib/thumb/v7e-m+fp/hard/crt0.o (__libc_init_array)
/Applications/STM32CubeIDE.app/Contents/Eclipse/plugins/com.st.stm32cube.ide.mcu.externaltools.gnu-tools-for-stm32.11.3.rel1.macos64_1.1.100.202310310803/tools/bin/../lib/gcc/arm-none-eabi/11.3.1/../../../../arm-none-eabi/lib/thumb/v7e-m+fp/hard/libc_nano.a(libc_a-lock.o)
                              /Applications/STM32CubeIDE.app/Contents/Eclipse/plugins/com.st.stm32cube.ide.mcu.externaltools.gnu-tools-for-stm32.11.3.rel1.macos64_1.1.100.202310310803/tools/bin/../lib/gcc/arm-none-eabi/11.3.1/../../../../arm-none-eabi/lib/thumb/v7e-m+fp/hard/libc_nano.a(libc_a-findfp.o) (__retarget_lock_init_recursive)
/Applications/STM32CubeIDE.app/Contents/Eclipse/plugins/com.st.stm32cube.ide.mcu.externaltools.gnu-tools-for-stm32.11.3.rel1.macos64_1.1.100.202310310803/tools/bin/../lib/gcc/arm-none-eabi/11.3.1/../../../../arm-none-eabi/lib/thumb/v7e-m+fp/hard/libc_nano.a(libc_a-mallocr.o)
[...]
Memory Configuration

Name             Origin             Length             Attributes
RAM              0x0000000020000000 0x0000000000010000 xrw
FLASH            0x0000000008000000 0x0000000000040000 xr
*default*        0x0000000000000000 0xffffffffffffffff

Linker script and memory map

LOAD /Applications/STM32CubeIDE.app/Contents/Eclipse/plugins/com.st.stm32cube.ide.mcu.externaltools.gnu-tools-for-stm32.11.3.rel1.macos64_1.1.100.202310310803/tools/bin/../lib/gcc/arm-none-eabi/11.3.1/thumb/v7e-m+fp/hard/crti.o
LOAD /Applications/STM32CubeIDE.app/Contents/Eclipse/plugins/com.st.stm32cube.ide.mcu.externaltools.gnu-tools-for-stm32.11.3.rel1.macos64_1.1.100.202310310803/tools/bin/../lib/gcc/arm-none-eabi/11.3.1/thumb/v7e-m+fp/hard/crtbegin.o
LOAD /Applications/STM32CubeIDE.app/Contents/Eclipse/plugins/com.st.stm32cube.ide.mcu.externaltools.gnu-tools-for-stm32.11.3.rel1.macos64_1.1.100.202310310803/tools/bin/../lib/gcc/arm-none-eabi/11.3.1/../../../../arm-none-eabi/lib/thumb/v7e-m+fp/hard/crt0.o
LOAD ./Src/App/src/app.o
LOAD ./Src/Device/Bsp/src/bsp.o
LOAD ./Src/Device/Bsp/src/stm32f4xx_hal_msp.o
LOAD ./Src/Device/Bsp/src/stm32f4xx_it.o
LOAD ./Src/Device/Bsp/src/system_stm32f4xx.o
LOAD ./Src/Device/Bsp/startup/startup_stm32f401ccux.o
LOAD ./Src/Device/Bsp/syscalls.o
LOAD ./Src/Device/Bsp/sysmem.o
LOAD ./Src/Device/Hw/src/hw.o
LOAD ./Src/Lib/ret6_fw/Drivers/STM32F4xx_HAL_Driver/Src/stm32f4xx_hal.o
LOAD ./Src/Lib/ret6_fw/Drivers/STM32F4xx_HAL_Driver/Src/stm32f4xx_hal_cortex.o
LOAD ./Src/Lib/ret6_fw/Drivers/STM32F4xx_HAL_Driver/Src/stm32f4xx_hal_dma.o
LOAD ./Src/Lib/ret6_fw/Drivers/STM32F4xx_HAL_Driver/Src/stm32f4xx_hal_dma_ex.o
LOAD ./Src/Lib/ret6_fw/Drivers/STM32F4xx_HAL_Driver/Src/stm32f4xx_hal_exti.o
LOAD ./Src/Lib/ret6_fw/Drivers/STM32F4xx_HAL_Driver/Src/stm32f4xx_hal_flash.o
LOAD ./Src/Lib/ret6_fw/Drivers/STM32F4xx_HAL_Driver/Src/stm32f4xx_hal_flash_ex.o
LOAD ./Src/Lib/ret6_fw/Drivers/STM32F4xx_HAL_Driver/Src/stm32f4xx_hal_flash_ramfunc.o
LOAD ./Src/Lib/ret6_fw/Drivers/STM32F4xx_HAL_Driver/Src/stm32f4xx_hal_gpio.o
LOAD ./Src/Lib/ret6_fw/Drivers/STM32F4xx_HAL_Driver/Src/stm32f4xx_hal_pcd.o
LOAD ./Src/Lib/ret6_fw/Drivers/STM32F4xx_HAL_Driver/Src/stm32f4xx_hal_pcd_ex.o
LOAD ./Src/Lib/ret6_fw/Drivers/STM32F4xx_HAL_Driver/Src/stm32f4xx_hal_pwr.o
LOAD ./Src/Lib/ret6_fw/Drivers/STM32F4xx_HAL_Driver/Src/stm32f4xx_hal_pwr_ex.o
LOAD ./Src/Lib/ret6_fw/Drivers/STM32F4xx_HAL_Driver/Src/stm32f4xx_hal_rcc.o
LOAD ./Src/Lib/ret6_fw/Drivers/STM32F4xx_HAL_Driver/Src/stm32f4xx_hal_rcc_ex.o
LOAD ./Src/Lib/ret6_fw/Drivers/STM32F4xx_HAL_Driver/Src/stm32f4xx_hal_tim.o
LOAD ./Src/Lib/ret6_fw/Drivers/STM32F4xx_HAL_Driver/Src/stm32f4xx_hal_tim_ex.o
LOAD ./Src/Lib/ret6_fw/Drivers/STM32F4xx_HAL_Driver/Src/stm32f4xx_ll_usb.o
LOAD ./Src/Lib/ret6_fw/Middlewares/ST/STM32_USB_Device_Library/Class/CDC/Src/usbd_cdc.o
LOAD ./Src/Lib/ret6_fw/Middlewares/ST/STM32_USB_Device_Library/Core/Src/usbd_core.o
LOAD ./Src/Lib/ret6_fw/Middlewares/ST/STM32_USB_Device_Library/Core/Src/usbd_ctlreq.o
LOAD ./Src/Lib/ret6_fw/Middlewares/ST/STM32_USB_Device_Library/Core/Src/usbd_ioreq.o
LOAD ./Src/Lib/ret6_fw/USB_DEVICE/App/usb_device.o
LOAD ./Src/Lib/ret6_fw/USB_DEVICE/App/usbd_cdc_if.o
LOAD ./Src/Lib/ret6_fw/USB_DEVICE/App/usbd_desc.o
LOAD ./Src/Lib/ret6_fw/USB_DEVICE/Target/usbd_conf.o
LOAD ./Src/main.o
START GROUP
LOAD /Applications/STM32CubeIDE.app/Contents/Eclipse/plugins/com.st.stm32cube.ide.mcu.externaltools.gnu-tools-for-stm32.11.3.rel1.macos64_1.1.100.202310310803/tools/bin/../lib/gcc/arm-none-eabi/11.3.1/../../../../arm-none-eabi/lib/thumb/v7e-m+fp/hard/libc_nano.a
LOAD /Applications/STM32CubeIDE.app/Contents/Eclipse/plugins/com.st.stm32cube.ide.mcu.externaltools.gnu-tools-for-stm32.11.3.rel1.macos64_1.1.100.202310310803/tools/bin/../lib/gcc/arm-none-eabi/11.3.1/../../../../arm-none-eabi/lib/thumb/v7e-m+fp/hard/libm.a
END GROUP
START GROUP
LOAD /Applications/STM32CubeIDE.app/Contents/Eclipse/plugins/com.st.stm32cube.ide.mcu.externaltools.gnu-tools-for-stm32.11.3.rel1.macos64_1.1.100.202310310803/tools/bin/../lib/gcc/arm-none-eabi/11.3.1/thumb/v7e-m+fp/hard/libgcc.a
LOAD /Applications/STM32CubeIDE.app/Contents/Eclipse/plugins/com.st.stm32cube.ide.mcu.externaltools.gnu-tools-for-stm32.11.3.rel1.macos64_1.1.100.202310310803/tools/bin/../lib/gcc/arm-none-eabi/11.3.1/../../../../arm-none-eabi/lib/thumb/v7e-m+fp/hard/libc_nano.a
END GROUP
START GROUP
LOAD /Applications/STM32CubeIDE.app/Contents/Eclipse/plugins/com.st.stm32cube.ide.mcu.externaltools.gnu-tools-for-stm32.11.3.rel1.macos64_1.1.100.202310310803/tools/bin/../lib/gcc/arm-none-eabi/11.3.1/thumb/v7e-m+fp/hard/libgcc.a
LOAD /Applications/STM32CubeIDE.app/Contents/Eclipse/plugins/com.st.stm32cube.ide.mcu.externaltools.gnu-tools-for-stm32.11.3.rel1.macos64_1.1.100.202310310803/tools/bin/../lib/gcc/arm-none-eabi/11.3.1/../../../../arm-none-eabi/lib/thumb/v7e-m+fp/hard/libc_nano.a
LOAD /Applications/STM32CubeIDE.app/Contents/Eclipse/plugins/com.st.stm32cube.ide.mcu.externaltools.gnu-tools-for-stm32.11.3.rel1.macos64_1.1.100.202310310803/tools/bin/../lib/gcc/arm-none-eabi/11.3.1/../../../../arm-none-eabi/lib/thumb/v7e-m+fp/hard/libnosys.a
END GROUP
START GROUP
LOAD /Applications/STM32CubeIDE.app/Contents/Eclipse/plugins/com.st.stm32cube.ide.mcu.externaltools.gnu-tools-for-stm32.11.3.rel1.macos64_1.1.100.202310310803/tools/bin/../lib/gcc/arm-none-eabi/11.3.1/thumb/v7e-m+fp/hard/libgcc.a
LOAD /Applications/STM32CubeIDE.app/Contents/Eclipse/plugins/com.st.stm32cube.ide.mcu.externaltools.gnu-tools-for-stm32.11.3.rel1.macos64_1.1.100.202310310803/tools/bin/../lib/gcc/arm-none-eabi/11.3.1/../../../../arm-none-eabi/lib/thumb/v7e-m+fp/hard/libc_nano.a
LOAD /Applications/STM32CubeIDE.app/Contents/Eclipse/plugins/com.st.stm32cube.ide.mcu.externaltools.gnu-tools-for-stm32.11.3.rel1.macos64_1.1.100.202310310803/tools/bin/../lib/gcc/arm-none-eabi/11.3.1/../../../../arm-none-eabi/lib/thumb/v7e-m+fp/hard/libnosys.a
END GROUP
LOAD /Applications/STM32CubeIDE.app/Contents/Eclipse/plugins/com.st.stm32cube.ide.mcu.externaltools.gnu-tools-for-stm32.11.3.rel1.macos64_1.1.100.202310310803/tools/bin/../lib/gcc/arm-none-eabi/11.3.1/thumb/v7e-m+fp/hard/crtend.o
LOAD /Applications/STM32CubeIDE.app/Contents/Eclipse/plugins/com.st.stm32cube.ide.mcu.externaltools.gnu-tools-for-stm32.11.3.rel1.macos64_1.1.100.202310310803/tools/bin/../lib/gcc/arm-none-eabi/11.3.1/thumb/v7e-m+fp/hard/crtn.o
                0x0000000020010000                _estack = (ORIGIN (RAM) + LENGTH (RAM))
                0x0000000000000200                _Min_Heap_Size = 0x200
                0x0000000000000400                _Min_Stack_Size = 0x400

.isr_vector     0x0000000008000000      0x194
                0x0000000008000000                . = ALIGN (0x4)
 *(.isr_vector)
 .isr_vector    0x0000000008000000      0x194 ./Src/Device/Bsp/startup/startup_stm32f401ccux.o
                0x0000000008000000                g_pfnVectors
                0x0000000008000194                . = ALIGN (0x4)

.text           0x0000000008000194     0x6c20
                0x0000000008000194                . = ALIGN (0x4)
 *(.text)
 .text          0x0000000008000194       0x40 /Applications/STM32CubeIDE.app/Contents/Eclipse/plugins/com.st.stm32cube.ide.mcu.externaltools.gnu-tools-for-stm32.11.3.rel1.macos64_1.1.100.202310310803/tools/bin/../lib/gcc/arm-none-eabi/11.3.1/thumb/v7e-m+fp/hard/crtbegin.o
 .text          0x00000000080001d4       0x30 /Applications/STM32CubeIDE.app/Contents/Eclipse/plugins/com.st.stm32cube.ide.mcu.externaltools.gnu-tools-for-stm32.11.3.rel1.macos64_1.1.100.202310310803/tools/bin/../lib/gcc/arm-none-eabi/11.3.1/thumb/v7e-m+fp/hard/libgcc.a(_aeabi_uldivmod.o)
                0x00000000080001d4                __aeabi_uldivmod
 .text          0x0000000008000204      0x2c8 /Applications/STM32CubeIDE.app/Contents/Eclipse/plugins/com.st.stm32cube.ide.mcu.externaltools.gnu-tools-for-stm32.11.3.rel1.macos64_1.1.100.202310310803/tools/bin/../lib/gcc/arm-none-eabi/11.3.1/thumb/v7e-m+fp/hard/libgcc.a(_udivmoddi4.o)
                0x0000000008000204                __udivmoddi4
 .text          0x00000000080004cc        0x4 /Applications/STM32CubeIDE.app/Contents/Eclipse/plugins/com.st.stm32cube.ide.mcu.externaltools.gnu-tools-for-stm32.11.3.rel1.macos64_1.1.100.202310310803/tools/bin/../lib/gcc/arm-none-eabi/11.3.1/thumb/v7e-m+fp/hard/libgcc.a(_dvmd_tls.o)
                0x00000000080004cc                __aeabi_ldiv0
                0x00000000080004cc                __aeabi_idiv0
 *(.text*)
 .text.appInit  0x00000000080004d0        0xe ./Src/App/src/app.o
                0x00000000080004d0                appInit
 *fill*         0x00000000080004de        0x2 
 .text.appMain  0x00000000080004e0       0x64 ./Src/App/src/app.o
                0x00000000080004e0                appMain
 .text.millis   0x0000000008000544        0xe ./Src/App/src/app.o
                0x0000000008000544                millis
 *fill*         0x0000000008000552        0x2 
 .text.bspInit  0x0000000008000554      0x170 ./Src/Device/Bsp/src/bsp.o
                0x0000000008000554                bspInit
 .text.Error_Handler
                0x00000000080006c4        0xa ./Src/Device/Bsp/src/bsp.o
                0x00000000080006c4                Error_Handler
 *fill*         0x00000000080006ce        0x2 
 .text.HAL_MspInit
                0x00000000080006d0       0x50 ./Src/Device/Bsp/src/stm32f4xx_hal_msp.o
                0x00000000080006d0                HAL_MspInit
 .text.NMI_Handler
                0x0000000008000720        0x6 ./Src/Device/Bsp/src/stm32f4xx_it.o
                0x0000000008000720                NMI_Handler
 .text.HardFault_Handler
                0x0000000008000726        0x6 ./Src/Device/Bsp/src/stm32f4xx_it.o
                0x0000000008000726                HardFault_Handler
 .text.MemManage_Handler
                0x000000000800072c        0x6 ./Src/Device/Bsp/src/stm32f4xx_it.o
                0x000000000800072c                MemManage_Handler
 .text.BusFault_Handler
                0x0000000008000732        0x6 ./Src/Device/Bsp/src/stm32f4xx_it.o
                0x0000000008000732                BusFault_Handler
 .text.UsageFault_Handler
                0x0000000008000738        0x6 ./Src/Device/Bsp/src/stm32f4xx_it.o
                0x0000000008000738                UsageFault_Handler
 .text.SVC_Handler
                0x000000000800073e        0xe ./Src/Device/Bsp/src/stm32f4xx_it.o
                0x000000000800073e                SVC_Handler
 .text.DebugMon_Handler
                0x000000000800074c        0xe ./Src/Device/Bsp/src/stm32f4xx_it.o
                0x000000000800074c                DebugMon_Handler
 .text.PendSV_Handler
                0x000000000800075a        0xe ./Src/Device/Bsp/src/stm32f4xx_it.o
                0x000000000800075a                PendSV_Handler
 .text.SysTick_Handler
                0x0000000008000768        0xc ./Src/Device/Bsp/src/stm32f4xx_it.o
                0x0000000008000768                SysTick_Handler
 .text.OTG_FS_IRQHandler
                0x0000000008000774       0x14 ./Src/Device/Bsp/src/stm32f4xx_it.o
                0x0000000008000774                OTG_FS_IRQHandler
 .text.SystemInit
                0x0000000008000788       0x24 ./Src/Device/Bsp/src/system_stm32f4xx.o
                0x0000000008000788                SystemInit
 .text.Reset_Handler
                0x00000000080007ac       0x50 ./Src/Device/Bsp/startup/startup_stm32f401ccux.o
                0x00000000080007ac                Reset_Handler
 .text.Default_Handler
                0x00000000080007fc        0x2 ./Src/Device/Bsp/startup/startup_stm32f401ccux.o
                0x00000000080007fc                DMA1_Stream3_IRQHandler
                0x00000000080007fc                SPI4_IRQHandler
                0x00000000080007fc                TIM1_CC_IRQHandler
                0x00000000080007fc                DMA2_Stream5_IRQHandler
                0x00000000080007fc                DMA1_Stream5_IRQHandler
                0x00000000080007fc                SDIO_IRQHandler
                0x00000000080007fc                TAMP_STAMP_IRQHandler
                0x00000000080007fc                EXTI3_IRQHandler
                0x00000000080007fc                TIM1_UP_TIM10_IRQHandler
                0x00000000080007fc                I2C3_ER_IRQHandler
                0x00000000080007fc                EXTI18_OTG_FS_WKUP_IRQHandler
                0x00000000080007fc                EXTI0_IRQHandler
                0x00000000080007fc                I2C2_EV_IRQHandler
                0x00000000080007fc                DMA1_Stream2_IRQHandler
                0x00000000080007fc                DMA2_Stream2_IRQHandler
                0x00000000080007fc                SPI1_IRQHandler
                0x00000000080007fc                TIM1_BRK_TIM9_IRQHandler
                0x00000000080007fc                DMA2_Stream3_IRQHandler
                0x00000000080007fc                USART6_IRQHandler
                0x00000000080007fc                DMA2_Stream0_IRQHandler
                0x00000000080007fc                TIM4_IRQHandler
                0x00000000080007fc                I2C1_EV_IRQHandler
                0x00000000080007fc                DMA1_Stream6_IRQHandler
                0x00000000080007fc                DMA1_Stream1_IRQHandler
                0x00000000080007fc                TIM3_IRQHandler
                0x00000000080007fc                RCC_IRQHandler
                0x00000000080007fc                Default_Handler
                0x00000000080007fc                EXTI15_10_IRQHandler
                0x00000000080007fc                ADC_IRQHandler
                0x00000000080007fc                DMA1_Stream7_IRQHandler
                0x00000000080007fc                TIM5_IRQHandler
                0x00000000080007fc                DMA2_Stream7_IRQHandler
                0x00000000080007fc                I2C3_EV_IRQHandler
                0x00000000080007fc                EXTI9_5_IRQHandler
                0x00000000080007fc                SPI2_IRQHandler
                0x00000000080007fc                DMA1_Stream0_IRQHandler
                0x00000000080007fc                EXTI4_IRQHandler
                0x00000000080007fc                EXTI22_RTC_WKUP_IRQHandler
                0x00000000080007fc                TIM2_IRQHandler
                0x00000000080007fc                EXTI16_PVD_IRQHandler
                0x00000000080007fc                TIM1_TRG_COM_TIM11_IRQHandler
                0x00000000080007fc                EXTI1_IRQHandler
                0x00000000080007fc                EXTI17_RTC_Alarm_IRQHandler
                0x00000000080007fc                USART2_IRQHandler
                0x00000000080007fc                I2C2_ER_IRQHandler
                0x00000000080007fc                DMA2_Stream1_IRQHandler
                0x00000000080007fc                FLASH_IRQHandler
                0x00000000080007fc                DMA2_Stream4_IRQHandler
                0x00000000080007fc                USART1_IRQHandler
                0x00000000080007fc                SPI3_IRQHandler
                0x00000000080007fc                DMA1_Stream4_IRQHandler
                0x00000000080007fc                I2C1_ER_IRQHandler
                0x00000000080007fc                DMA2_Stream6_IRQHandler
                0x00000000080007fc                EXTI2_IRQHandler
 .text.hwInit   0x00000000080007fe        0xc ./Src/Device/Hw/src/hw.o
                0x00000000080007fe                hwInit
 *fill*         0x000000000800080a        0x2 
 .text.HAL_Init
                0x000000000800080c       0x44 ./Src/Lib/ret6_fw/Drivers/STM32F4xx_HAL_Driver/Src/stm32f4xx_hal.o
                0x000000000800080c                HAL_Init
 .text.HAL_InitTick
                0x0000000008000850       0x60 ./Src/Lib/ret6_fw/Drivers/STM32F4xx_HAL_Driver/Src/stm32f4xx_hal.o
                0x0000000008000850                HAL_InitTick
 .text.HAL_IncTick
                0x00000000080008b0       0x28 ./Src/Lib/ret6_fw/Drivers/STM32F4xx_HAL_Driver/Src/stm32f4xx_hal.o
                0x00000000080008b0                HAL_IncTick
 .text.HAL_GetTick
                0x00000000080008d8       0x18 ./Src/Lib/ret6_fw/Drivers/STM32F4xx_HAL_Driver/Src/stm32f4xx_hal.o
                0x00000000080008d8                HAL_GetTick
 .text.HAL_Delay
                0x00000000080008f0       0x48 ./Src/Lib/ret6_fw/Drivers/STM32F4xx_HAL_Driver/Src/stm32f4xx_hal.o
                0x00000000080008f0                HAL_Delay
 .text.__NVIC_SetPriorityGrouping
                0x0000000008000938       0x48 ./Src/Lib/ret6_fw/Drivers/STM32F4xx_HAL_Driver/Src/stm32f4xx_hal_cortex.o
 .text.__NVIC_GetPriorityGrouping
                0x0000000008000980       0x1c ./Src/Lib/ret6_fw/Drivers/STM32F4xx_HAL_Driver/Src/stm32f4xx_hal_cortex.o
 .text.__NVIC_EnableIRQ
                0x000000000800099c       0x3c ./Src/Lib/ret6_fw/Drivers/STM32F4xx_HAL_Driver/Src/stm32f4xx_hal_cortex.o
 .text.__NVIC_SetPriority
                0x00000000080009d8       0x54 ./Src/Lib/ret6_fw/Drivers/STM32F4xx_HAL_Driver/Src/stm32f4xx_hal_cortex.o
 .text.NVIC_EncodePriority
                0x0000000008000a2c       0x66 ./Src/Lib/ret6_fw/Drivers/STM32F4xx_HAL_Driver/Src/stm32f4xx_hal_cortex.o
 *fill*         0x0000000008000a92        0x2 
 .text.SysTick_Config
                0x0000000008000a94       0x44 ./Src/Lib/ret6_fw/Drivers/STM32F4xx_HAL_Driver/Src/stm32f4xx_hal_cortex.o
 .text.HAL_NVIC_SetPriorityGrouping
                0x0000000008000ad8       0x16 ./Src/Lib/ret6_fw/Drivers/STM32F4xx_HAL_Driver/Src/stm32f4xx_hal_cortex.o
                0x0000000008000ad8                HAL_NVIC_SetPriorityGrouping
 .text.HAL_NVIC_SetPriority
                0x0000000008000aee       0x38 ./Src/Lib/ret6_fw/Drivers/STM32F4xx_HAL_Driver/Src/stm32f4xx_hal_cortex.o
                0x0000000008000aee                HAL_NVIC_SetPriority
 .text.HAL_NVIC_EnableIRQ
                0x0000000008000b26       0x1c ./Src/Lib/ret6_fw/Drivers/STM32F4xx_HAL_Driver/Src/stm32f4xx_hal_cortex.o
                0x0000000008000b26                HAL_NVIC_EnableIRQ
 .text.HAL_SYSTICK_Config
                0x0000000008000b42       0x18 ./Src/Lib/ret6_fw/Drivers/STM32F4xx_HAL_Driver/Src/stm32f4xx_hal_cortex.o
                0x0000000008000b42                HAL_SYSTICK_Config
 *fill*         0x0000000008000b5a        0x2 
 .text.HAL_GPIO_Init
                0x0000000008000b5c      0x308 ./Src/Lib/ret6_fw/Drivers/STM32F4xx_HAL_Driver/Src/stm32f4xx_hal_gpio.o
                0x0000000008000b5c                HAL_GPIO_Init
 .text.HAL_GPIO_WritePin
                0x0000000008000e64       0x32 ./Src/Lib/ret6_fw/Drivers/STM32F4xx_HAL_Driver/Src/stm32f4xx_hal_gpio.o
                0x0000000008000e64                HAL_GPIO_WritePin
 .text.HAL_GPIO_TogglePin
                0x0000000008000e96       0x34 ./Src/Lib/ret6_fw/Drivers/STM32F4xx_HAL_Driver/Src/stm32f4xx_hal_gpio.o
                0x0000000008000e96                HAL_GPIO_TogglePin
 .text.HAL_PCD_Init
                0x0000000008000eca      0x21e ./Src/Lib/ret6_fw/Drivers/STM32F4xx_HAL_Driver/Src/stm32f4xx_hal_pcd.o
                0x0000000008000eca                HAL_PCD_Init
 .text.HAL_PCD_Start
                0x00000000080010e8       0x6a ./Src/Lib/ret6_fw/Drivers/STM32F4xx_HAL_Driver/Src/stm32f4xx_hal_pcd.o
                0x00000000080010e8                HAL_PCD_Start
 .text.HAL_PCD_IRQHandler
                0x0000000008001152      0x942 ./Src/Lib/ret6_fw/Drivers/STM32F4xx_HAL_Driver/Src/stm32f4xx_hal_pcd.o
                0x0000000008001152                HAL_PCD_IRQHandler
 .text.HAL_PCD_SetAddress
                0x0000000008001a94       0x48 ./Src/Lib/ret6_fw/Drivers/STM32F4xx_HAL_Driver/Src/stm32f4xx_hal_pcd.o
                0x0000000008001a94                HAL_PCD_SetAddress
 .text.HAL_PCD_EP_Open
                0x0000000008001adc       0xd0 ./Src/Lib/ret6_fw/Drivers/STM32F4xx_HAL_Driver/Src/stm32f4xx_hal_pcd.o
                0x0000000008001adc                HAL_PCD_EP_Open
 .text.HAL_PCD_EP_Close
                0x0000000008001bac       0x94 ./Src/Lib/ret6_fw/Drivers/STM32F4xx_HAL_Driver/Src/stm32f4xx_hal_pcd.o
                0x0000000008001bac                HAL_PCD_EP_Close
 .text.HAL_PCD_EP_Receive
                0x0000000008001c40       0x76 ./Src/Lib/ret6_fw/Drivers/STM32F4xx_HAL_Driver/Src/stm32f4xx_hal_pcd.o
                0x0000000008001c40                HAL_PCD_EP_Receive
 .text.HAL_PCD_EP_GetRxCount
                0x0000000008001cb6       0x30 ./Src/Lib/ret6_fw/Drivers/STM32F4xx_HAL_Driver/Src/stm32f4xx_hal_pcd.o
                0x0000000008001cb6                HAL_PCD_EP_GetRxCount
 .text.HAL_PCD_EP_Transmit
                0x0000000008001ce6       0x74 ./Src/Lib/ret6_fw/Drivers/STM32F4xx_HAL_Driver/Src/stm32f4xx_hal_pcd.o
                0x0000000008001ce6                HAL_PCD_EP_Transmit
 .text.HAL_PCD_EP_SetStall
                0x0000000008001d5a       0xc6 ./Src/Lib/ret6_fw/Drivers/STM32F4xx_HAL_Driver/Src/stm32f4xx_hal_pcd.o
                0x0000000008001d5a                HAL_PCD_EP_SetStall
 .text.HAL_PCD_EP_ClrStall
                0x0000000008001e20       0xac ./Src/Lib/ret6_fw/Drivers/STM32F4xx_HAL_Driver/Src/stm32f4xx_hal_pcd.o
                0x0000000008001e20                HAL_PCD_EP_ClrStall
 .text.HAL_PCD_EP_Abort
                0x0000000008001ecc       0x62 ./Src/Lib/ret6_fw/Drivers/STM32F4xx_HAL_Driver/Src/stm32f4xx_hal_pcd.o
                0x0000000008001ecc                HAL_PCD_EP_Abort
 .text.PCD_WriteEmptyTxFifo
                0x0000000008001f2e      0x118 ./Src/Lib/ret6_fw/Drivers/STM32F4xx_HAL_Driver/Src/stm32f4xx_hal_pcd.o
 *fill*         0x0000000008002046        0x2 
 .text.PCD_EP_OutXfrComplete_int
                0x0000000008002048      0x1d0 ./Src/Lib/ret6_fw/Drivers/STM32F4xx_HAL_Driver/Src/stm32f4xx_hal_pcd.o
 .text.PCD_EP_OutSetupPacket_int
                0x0000000008002218       0x8c ./Src/Lib/ret6_fw/Drivers/STM32F4xx_HAL_Driver/Src/stm32f4xx_hal_pcd.o
 .text.HAL_PCDEx_SetTxFiFo
                0x00000000080022a4       0x8e ./Src/Lib/ret6_fw/Drivers/STM32F4xx_HAL_Driver/Src/stm32f4xx_hal_pcd_ex.o
                0x00000000080022a4                HAL_PCDEx_SetTxFiFo
 .text.HAL_PCDEx_SetRxFiFo
                0x0000000008002332       0x22 ./Src/Lib/ret6_fw/Drivers/STM32F4xx_HAL_Driver/Src/stm32f4xx_hal_pcd_ex.o
                0x0000000008002332                HAL_PCDEx_SetRxFiFo
 .text.HAL_PCDEx_LPM_Callback
                0x0000000008002354       0x18 ./Src/Lib/ret6_fw/Drivers/STM32F4xx_HAL_Driver/Src/stm32f4xx_hal_pcd_ex.o
                0x0000000008002354                HAL_PCDEx_LPM_Callback
 .text.HAL_RCC_OscConfig
                0x000000000800236c      0x4f0 ./Src/Lib/ret6_fw/Drivers/STM32F4xx_HAL_Driver/Src/stm32f4xx_hal_rcc.o
                0x000000000800236c                HAL_RCC_OscConfig
 .text.HAL_RCC_ClockConfig
                0x000000000800285c      0x1cc ./Src/Lib/ret6_fw/Drivers/STM32F4xx_HAL_Driver/Src/stm32f4xx_hal_rcc.o
                0x000000000800285c                HAL_RCC_ClockConfig
 .text.HAL_RCC_GetSysClockFreq
                0x0000000008002a28      0x18c ./Src/Lib/ret6_fw/Drivers/STM32F4xx_HAL_Driver/Src/stm32f4xx_hal_rcc.o
                0x0000000008002a28                HAL_RCC_GetSysClockFreq
 .text.HAL_RCC_GetHCLKFreq
                0x0000000008002bb4       0x18 ./Src/Lib/ret6_fw/Drivers/STM32F4xx_HAL_Driver/Src/stm32f4xx_hal_rcc.o
                0x0000000008002bb4                HAL_RCC_GetHCLKFreq
 .text.USB_CoreInit
                0x0000000008002bcc       0xc8 ./Src/Lib/ret6_fw/Drivers/STM32F4xx_HAL_Driver/Src/stm32f4xx_ll_usb.o
                0x0000000008002bcc                USB_CoreInit
 .text.USB_SetTurnaroundTime
                0x0000000008002c94      0x144 ./Src/Lib/ret6_fw/Drivers/STM32F4xx_HAL_Driver/Src/stm32f4xx_ll_usb.o
                0x0000000008002c94                USB_SetTurnaroundTime
 .text.USB_EnableGlobalInt
                0x0000000008002dd8       0x22 ./Src/Lib/ret6_fw/Drivers/STM32F4xx_HAL_Driver/Src/stm32f4xx_ll_usb.o
                0x0000000008002dd8                USB_EnableGlobalInt
 .text.USB_DisableGlobalInt
                0x0000000008002dfa       0x22 ./Src/Lib/ret6_fw/Drivers/STM32F4xx_HAL_Driver/Src/stm32f4xx_ll_usb.o
                0x0000000008002dfa                USB_DisableGlobalInt
 .text.USB_SetCurrentMode
                0x0000000008002e1c       0x98 ./Src/Lib/ret6_fw/Drivers/STM32F4xx_HAL_Driver/Src/stm32f4xx_ll_usb.o
                0x0000000008002e1c                USB_SetCurrentMode
 .text.USB_DevInit
                0x0000000008002eb4      0x2c8 ./Src/Lib/ret6_fw/Drivers/STM32F4xx_HAL_Driver/Src/stm32f4xx_ll_usb.o
                0x0000000008002eb4                USB_DevInit
 .text.USB_FlushTxFifo
                0x000000000800317c       0x64 ./Src/Lib/ret6_fw/Drivers/STM32F4xx_HAL_Driver/Src/stm32f4xx_ll_usb.o
                0x000000000800317c                USB_FlushTxFifo
 .text.USB_FlushRxFifo
                0x00000000080031e0       0x5c ./Src/Lib/ret6_fw/Drivers/STM32F4xx_HAL_Driver/Src/stm32f4xx_ll_usb.o
                0x00000000080031e0                USB_FlushRxFifo
 .text.USB_SetDevSpeed
                0x000000000800323c       0x32 ./Src/Lib/ret6_fw/Drivers/STM32F4xx_HAL_Driver/Src/stm32f4xx_ll_usb.o
                0x000000000800323c                USB_SetDevSpeed
 .text.USB_GetDevSpeed
                0x000000000800326e       0x4a ./Src/Lib/ret6_fw/Drivers/STM32F4xx_HAL_Driver/Src/stm32f4xx_ll_usb.o
                0x000000000800326e                USB_GetDevSpeed
 .text.USB_ActivateEndpoint
                0x00000000080032b8      0x10e ./Src/Lib/ret6_fw/Drivers/STM32F4xx_HAL_Driver/Src/stm32f4xx_ll_usb.o
                0x00000000080032b8                USB_ActivateEndpoint
 *fill*         0x00000000080033c6        0x2 
 .text.USB_DeactivateEndpoint
                0x00000000080033c8      0x1b8 ./Src/Lib/ret6_fw/Drivers/STM32F4xx_HAL_Driver/Src/stm32f4xx_ll_usb.o
                0x00000000080033c8                USB_DeactivateEndpoint
 .text.USB_EPStartXfer
                0x0000000008003580      0x530 ./Src/Lib/ret6_fw/Drivers/STM32F4xx_HAL_Driver/Src/stm32f4xx_ll_usb.o
                0x0000000008003580                USB_EPStartXfer
 .text.USB_EPStopXfer
                0x0000000008003ab0      0x154 ./Src/Lib/ret6_fw/Drivers/STM32F4xx_HAL_Driver/Src/stm32f4xx_ll_usb.o
                0x0000000008003ab0                USB_EPStopXfer
 .text.USB_WritePacket
                0x0000000008003c04       0x7c ./Src/Lib/ret6_fw/Drivers/STM32F4xx_HAL_Driver/Src/stm32f4xx_ll_usb.o
                0x0000000008003c04                USB_WritePacket
 .text.USB_ReadPacket
                0x0000000008003c80       0xb0 ./Src/Lib/ret6_fw/Drivers/STM32F4xx_HAL_Driver/Src/stm32f4xx_ll_usb.o
                0x0000000008003c80                USB_ReadPacket
 .text.USB_EPSetStall
                0x0000000008003d30       0xdc ./Src/Lib/ret6_fw/Drivers/STM32F4xx_HAL_Driver/Src/stm32f4xx_ll_usb.o
                0x0000000008003d30                USB_EPSetStall
 .text.USB_EPClearStall
                0x0000000008003e0c       0xcc ./Src/Lib/ret6_fw/Drivers/STM32F4xx_HAL_Driver/Src/stm32f4xx_ll_usb.o
                0x0000000008003e0c                USB_EPClearStall
 .text.USB_SetDevAddress
                0x0000000008003ed8       0x4c ./Src/Lib/ret6_fw/Drivers/STM32F4xx_HAL_Driver/Src/stm32f4xx_ll_usb.o
                0x0000000008003ed8                USB_SetDevAddress
 .text.USB_DevConnect
                0x0000000008003f24       0x42 ./Src/Lib/ret6_fw/Drivers/STM32F4xx_HAL_Driver/Src/stm32f4xx_ll_usb.o
                0x0000000008003f24                USB_DevConnect
 .text.USB_DevDisconnect
                0x0000000008003f66       0x42 ./Src/Lib/ret6_fw/Drivers/STM32F4xx_HAL_Driver/Src/stm32f4xx_ll_usb.o
                0x0000000008003f66                USB_DevDisconnect
 .text.USB_ReadInterrupts
                0x0000000008003fa8       0x26 ./Src/Lib/ret6_fw/Drivers/STM32F4xx_HAL_Driver/Src/stm32f4xx_ll_usb.o
                0x0000000008003fa8                USB_ReadInterrupts
 .text.USB_ReadDevAllOutEpInterrupt
                0x0000000008003fce       0x34 ./Src/Lib/ret6_fw/Drivers/STM32F4xx_HAL_Driver/Src/stm32f4xx_ll_usb.o
                0x0000000008003fce                USB_ReadDevAllOutEpInterrupt
 .text.USB_ReadDevAllInEpInterrupt
                0x0000000008004002       0x34 ./Src/Lib/ret6_fw/Drivers/STM32F4xx_HAL_Driver/Src/stm32f4xx_ll_usb.o
                0x0000000008004002                USB_ReadDevAllInEpInterrupt
 .text.USB_ReadDevOutEPInterrupt
                0x0000000008004036       0x3c ./Src/Lib/ret6_fw/Drivers/STM32F4xx_HAL_Driver/Src/stm32f4xx_ll_usb.o
                0x0000000008004036                USB_ReadDevOutEPInterrupt
 .text.USB_ReadDevInEPInterrupt
                0x0000000008004072       0x5c ./Src/Lib/ret6_fw/Drivers/STM32F4xx_HAL_Driver/Src/stm32f4xx_ll_usb.o
                0x0000000008004072                USB_ReadDevInEPInterrupt
 .text.USB_GetMode
                0x00000000080040ce       0x1c ./Src/Lib/ret6_fw/Drivers/STM32F4xx_HAL_Driver/Src/stm32f4xx_ll_usb.o
                0x00000000080040ce                USB_GetMode
 .text.USB_ActivateSetup
                0x00000000080040ea       0x46 ./Src/Lib/ret6_fw/Drivers/STM32F4xx_HAL_Driver/Src/stm32f4xx_ll_usb.o
                0x00000000080040ea                USB_ActivateSetup
 .text.USB_EP0_OutStart
                0x0000000008004130       0xbc ./Src/Lib/ret6_fw/Drivers/STM32F4xx_HAL_Driver/Src/stm32f4xx_ll_usb.o
                0x0000000008004130                USB_EP0_OutStart
 .text.USB_CoreReset
                0x00000000080041ec       0x62 ./Src/Lib/ret6_fw/Drivers/STM32F4xx_HAL_Driver/Src/stm32f4xx_ll_usb.o
 *fill*         0x000000000800424e        0x2 
 .text.USBD_CDC_Init
                0x0000000008004250      0x1f0 ./Src/Lib/ret6_fw/Middlewares/ST/STM32_USB_Device_Library/Class/CDC/Src/usbd_cdc.o
 .text.USBD_CDC_DeInit
                0x0000000008004440      0x104 ./Src/Lib/ret6_fw/Middlewares/ST/STM32_USB_Device_Library/Class/CDC/Src/usbd_cdc.o
 .text.USBD_CDC_Setup
                0x0000000008004544      0x1b8 ./Src/Lib/ret6_fw/Middlewares/ST/STM32_USB_Device_Library/Class/CDC/Src/usbd_cdc.o
 .text.USBD_CDC_DataIn
                0x00000000080046fc       0xfe ./Src/Lib/ret6_fw/Middlewares/ST/STM32_USB_Device_Library/Class/CDC/Src/usbd_cdc.o
 .text.USBD_CDC_DataOut
                0x00000000080047fa       0x70 ./Src/Lib/ret6_fw/Middlewares/ST/STM32_USB_Device_Library/Class/CDC/Src/usbd_cdc.o
 .text.USBD_CDC_EP0_RxReady
                0x000000000800486a       0x76 ./Src/Lib/ret6_fw/Middlewares/ST/STM32_USB_Device_Library/Class/CDC/Src/usbd_cdc.o
 .text.USBD_CDC_GetFSCfgDesc
                0x00000000080048e0       0x70 ./Src/Lib/ret6_fw/Middlewares/ST/STM32_USB_Device_Library/Class/CDC/Src/usbd_cdc.o
 .text.USBD_CDC_GetHSCfgDesc
                0x0000000008004950       0x70 ./Src/Lib/ret6_fw/Middlewares/ST/STM32_USB_Device_Library/Class/CDC/Src/usbd_cdc.o
 .text.USBD_CDC_GetOtherSpeedCfgDesc
                0x00000000080049c0       0x70 ./Src/Lib/ret6_fw/Middlewares/ST/STM32_USB_Device_Library/Class/CDC/Src/usbd_cdc.o
 .text.USBD_CDC_GetDeviceQualifierDescriptor
                0x0000000008004a30       0x20 ./Src/Lib/ret6_fw/Middlewares/ST/STM32_USB_Device_Library/Class/CDC/Src/usbd_cdc.o
                0x0000000008004a30                USBD_CDC_GetDeviceQualifierDescriptor
 .text.USBD_CDC_RegisterInterface
                0x0000000008004a50       0x34 ./Src/Lib/ret6_fw/Middlewares/ST/STM32_USB_Device_Library/Class/CDC/Src/usbd_cdc.o
                0x0000000008004a50                USBD_CDC_RegisterInterface
 .text.USBD_CDC_SetTxBuffer
                0x0000000008004a84       0x44 ./Src/Lib/ret6_fw/Middlewares/ST/STM32_USB_Device_Library/Class/CDC/Src/usbd_cdc.o
                0x0000000008004a84                USBD_CDC_SetTxBuffer
 .text.USBD_CDC_SetRxBuffer
                0x0000000008004ac8       0x3a ./Src/Lib/ret6_fw/Middlewares/ST/STM32_USB_Device_Library/Class/CDC/Src/usbd_cdc.o
                0x0000000008004ac8                USBD_CDC_SetRxBuffer
 *fill*         0x0000000008004b02        0x2 
 .text.USBD_CDC_TransmitPacket
                0x0000000008004b04       0x80 ./Src/Lib/ret6_fw/Middlewares/ST/STM32_USB_Device_Library/Class/CDC/Src/usbd_cdc.o
                0x0000000008004b04                USBD_CDC_TransmitPacket
 .text.USBD_CDC_ReceivePacket
                0x0000000008004b84       0x6c ./Src/Lib/ret6_fw/Middlewares/ST/STM32_USB_Device_Library/Class/CDC/Src/usbd_cdc.o
                0x0000000008004b84                USBD_CDC_ReceivePacket
 .text.USBD_Init
                0x0000000008004bf0       0x60 ./Src/Lib/ret6_fw/Middlewares/ST/STM32_USB_Device_Library/Core/Src/usbd_core.o
                0x0000000008004bf0                USBD_Init
 .text.USBD_RegisterClass
                0x0000000008004c50       0x6c ./Src/Lib/ret6_fw/Middlewares/ST/STM32_USB_Device_Library/Core/Src/usbd_core.o
                0x0000000008004c50                USBD_RegisterClass
 .text.USBD_Start
                0x0000000008004cbc       0x18 ./Src/Lib/ret6_fw/Middlewares/ST/STM32_USB_Device_Library/Core/Src/usbd_core.o
                0x0000000008004cbc                USBD_Start
 .text.USBD_RunTestMode
                0x0000000008004cd4       0x16 ./Src/Lib/ret6_fw/Middlewares/ST/STM32_USB_Device_Library/Core/Src/usbd_core.o
                0x0000000008004cd4                USBD_RunTestMode
 .text.USBD_SetClassConfig
                0x0000000008004cea       0x38 ./Src/Lib/ret6_fw/Middlewares/ST/STM32_USB_Device_Library/Core/Src/usbd_core.o
                0x0000000008004cea                USBD_SetClassConfig
 .text.USBD_ClrClassConfig
                0x0000000008004d22       0x34 ./Src/Lib/ret6_fw/Middlewares/ST/STM32_USB_Device_Library/Core/Src/usbd_core.o
                0x0000000008004d22                USBD_ClrClassConfig
 .text.USBD_LL_SetupStage
                0x0000000008004d56       0xaa ./Src/Lib/ret6_fw/Middlewares/ST/STM32_USB_Device_Library/Core/Src/usbd_core.o
                0x0000000008004d56                USBD_LL_SetupStage
 .text.USBD_LL_DataOutStage
                0x0000000008004e00      0x166 ./Src/Lib/ret6_fw/Middlewares/ST/STM32_USB_Device_Library/Core/Src/usbd_core.o
                0x0000000008004e00                USBD_LL_DataOutStage
 .text.USBD_LL_DataInStage
                0x0000000008004f66      0x164 ./Src/Lib/ret6_fw/Middlewares/ST/STM32_USB_Device_Library/Core/Src/usbd_core.o
                0x0000000008004f66                USBD_LL_DataInStage
 .text.USBD_LL_Reset
                0x00000000080050ca       0xa4 ./Src/Lib/ret6_fw/Middlewares/ST/STM32_USB_Device_Library/Core/Src/usbd_core.o
                0x00000000080050ca                USBD_LL_Reset
 .text.USBD_LL_SetSpeed
                0x000000000800516e       0x20 ./Src/Lib/ret6_fw/Middlewares/ST/STM32_USB_Device_Library/Core/Src/usbd_core.o
                0x000000000800516e                USBD_LL_SetSpeed
 .text.USBD_LL_Suspend
                0x000000000800518e       0x38 ./Src/Lib/ret6_fw/Middlewares/ST/STM32_USB_Device_Library/Core/Src/usbd_core.o
                0x000000000800518e                USBD_LL_Suspend
 .text.USBD_LL_Resume
                0x00000000080051c6       0x30 ./Src/Lib/ret6_fw/Middlewares/ST/STM32_USB_Device_Library/Core/Src/usbd_core.o
                0x00000000080051c6                USBD_LL_Resume
 .text.USBD_LL_SOF
                0x00000000080051f6       0x40 ./Src/Lib/ret6_fw/Middlewares/ST/STM32_USB_Device_Library/Core/Src/usbd_core.o
                0x00000000080051f6                USBD_LL_SOF
 .text.USBD_LL_IsoINIncomplete
                0x0000000008005236       0x64 ./Src/Lib/ret6_fw/Middlewares/ST/STM32_USB_Device_Library/Core/Src/usbd_core.o
                0x0000000008005236                USBD_LL_IsoINIncomplete
 .text.USBD_LL_IsoOUTIncomplete
                0x000000000800529a       0x64 ./Src/Lib/ret6_fw/Middlewares/ST/STM32_USB_Device_Library/Core/Src/usbd_core.o
                0x000000000800529a                USBD_LL_IsoOUTIncomplete
 .text.USBD_LL_DevConnected
                0x00000000080052fe       0x16 ./Src/Lib/ret6_fw/Middlewares/ST/STM32_USB_Device_Library/Core/Src/usbd_core.o
                0x00000000080052fe                USBD_LL_DevConnected
 .text.USBD_LL_DevDisconnected
                0x0000000008005314       0x46 ./Src/Lib/ret6_fw/Middlewares/ST/STM32_USB_Device_Library/Core/Src/usbd_core.o
                0x0000000008005314                USBD_LL_DevDisconnected
 .text.USBD_CoreFindIF
                0x000000000800535a       0x1a ./Src/Lib/ret6_fw/Middlewares/ST/STM32_USB_Device_Library/Core/Src/usbd_core.o
                0x000000000800535a                USBD_CoreFindIF
 .text.USBD_CoreFindEP
                0x0000000008005374       0x1a ./Src/Lib/ret6_fw/Middlewares/ST/STM32_USB_Device_Library/Core/Src/usbd_core.o
                0x0000000008005374                USBD_CoreFindEP
 .text.USBD_GetEpDesc
                0x000000000800538e       0x74 ./Src/Lib/ret6_fw/Middlewares/ST/STM32_USB_Device_Library/Core/Src/usbd_core.o
                0x000000000800538e                USBD_GetEpDesc
 .text.USBD_GetNextDesc
                0x0000000008005402       0x3a ./Src/Lib/ret6_fw/Middlewares/ST/STM32_USB_Device_Library/Core/Src/usbd_core.o
                0x0000000008005402                USBD_GetNextDesc
 .text.SWAPBYTE
                0x000000000800543c       0x3c ./Src/Lib/ret6_fw/Middlewares/ST/STM32_USB_Device_Library/Core/Src/usbd_ctlreq.o
 .text.USBD_StdDevReq
                0x0000000008005478       0xe4 ./Src/Lib/ret6_fw/Middlewares/ST/STM32_USB_Device_Library/Core/Src/usbd_ctlreq.o
                0x0000000008005478                USBD_StdDevReq
 .text.USBD_StdItfReq
                0x000000000800555c       0xd8 ./Src/Lib/ret6_fw/Middlewares/ST/STM32_USB_Device_Library/Core/Src/usbd_ctlreq.o
                0x000000000800555c                USBD_StdItfReq
 .text.USBD_StdEPReq
                0x0000000008005634      0x33a ./Src/Lib/ret6_fw/Middlewares/ST/STM32_USB_Device_Library/Core/Src/usbd_ctlreq.o
                0x0000000008005634                USBD_StdEPReq
 *fill*         0x000000000800596e        0x2 
 .text.USBD_GetDescriptor
                0x0000000008005970      0x2d4 ./Src/Lib/ret6_fw/Middlewares/ST/STM32_USB_Device_Library/Core/Src/usbd_ctlreq.o
 .text.USBD_SetAddress
                0x0000000008005c44       0x88 ./Src/Lib/ret6_fw/Middlewares/ST/STM32_USB_Device_Library/Core/Src/usbd_ctlreq.o
 .text.USBD_SetConfig
                0x0000000008005ccc      0x154 ./Src/Lib/ret6_fw/Middlewares/ST/STM32_USB_Device_Library/Core/Src/usbd_ctlreq.o
 .text.USBD_GetConfig
                0x0000000008005e20       0x6c ./Src/Lib/ret6_fw/Middlewares/ST/STM32_USB_Device_Library/Core/Src/usbd_ctlreq.o
 .text.USBD_GetStatus
                0x0000000008005e8c       0x68 ./Src/Lib/ret6_fw/Middlewares/ST/STM32_USB_Device_Library/Core/Src/usbd_ctlreq.o
 .text.USBD_SetFeature
                0x0000000008005ef4       0x52 ./Src/Lib/ret6_fw/Middlewares/ST/STM32_USB_Device_Library/Core/Src/usbd_ctlreq.o
 .text.USBD_ClrFeature
                0x0000000008005f46       0x44 ./Src/Lib/ret6_fw/Middlewares/ST/STM32_USB_Device_Library/Core/Src/usbd_ctlreq.o
 .text.USBD_ParseSetupRequest
                0x0000000008005f8a       0x74 ./Src/Lib/ret6_fw/Middlewares/ST/STM32_USB_Device_Library/Core/Src/usbd_ctlreq.o
                0x0000000008005f8a                USBD_ParseSetupRequest
 .text.USBD_CtlError
                0x0000000008005ffe       0x22 ./Src/Lib/ret6_fw/Middlewares/ST/STM32_USB_Device_Library/Core/Src/usbd_ctlreq.o
                0x0000000008005ffe                USBD_CtlError
 .text.USBD_GetString
                0x0000000008006020       0x8c ./Src/Lib/ret6_fw/Middlewares/ST/STM32_USB_Device_Library/Core/Src/usbd_ctlreq.o
                0x0000000008006020                USBD_GetString
 .text.USBD_GetLen
                0x00000000080060ac       0x34 ./Src/Lib/ret6_fw/Middlewares/ST/STM32_USB_Device_Library/Core/Src/usbd_ctlreq.o
 .text.USBD_CtlSendData
                0x00000000080060e0       0x36 ./Src/Lib/ret6_fw/Middlewares/ST/STM32_USB_Device_Library/Core/Src/usbd_ioreq.o
                0x00000000080060e0                USBD_CtlSendData
 .text.USBD_CtlContinueSendData
                0x0000000008006116       0x22 ./Src/Lib/ret6_fw/Middlewares/ST/STM32_USB_Device_Library/Core/Src/usbd_ioreq.o
                0x0000000008006116                USBD_CtlContinueSendData
 .text.USBD_CtlPrepareRx
                0x0000000008006138       0x3a ./Src/Lib/ret6_fw/Middlewares/ST/STM32_USB_Device_Library/Core/Src/usbd_ioreq.o
                0x0000000008006138                USBD_CtlPrepareRx
 .text.USBD_CtlContinueRx
                0x0000000008006172       0x22 ./Src/Lib/ret6_fw/Middlewares/ST/STM32_USB_Device_Library/Core/Src/usbd_ioreq.o
                0x0000000008006172                USBD_CtlContinueRx
 .text.USBD_CtlSendStatus
                0x0000000008006194       0x26 ./Src/Lib/ret6_fw/Middlewares/ST/STM32_USB_Device_Library/Core/Src/usbd_ioreq.o
                0x0000000008006194                USBD_CtlSendStatus
 .text.USBD_CtlReceiveStatus
                0x00000000080061ba       0x26 ./Src/Lib/ret6_fw/Middlewares/ST/STM32_USB_Device_Library/Core/Src/usbd_ioreq.o
                0x00000000080061ba                USBD_CtlReceiveStatus
 .text.MX_USB_DEVICE_Init
                0x00000000080061e0       0x60 ./Src/Lib/ret6_fw/USB_DEVICE/App/usb_device.o
                0x00000000080061e0                MX_USB_DEVICE_Init
 .text.cdcAvailable
                0x0000000008006240       0x2c ./Src/Lib/ret6_fw/USB_DEVICE/App/usbd_cdc_if.o
                0x0000000008006240                cdcAvailable
 .text.cdcDataIn
                0x000000000800626c       0x48 ./Src/Lib/ret6_fw/USB_DEVICE/App/usbd_cdc_if.o
                0x000000000800626c                cdcDataIn
 .text.cdcRead  0x00000000080062b4       0x44 ./Src/Lib/ret6_fw/USB_DEVICE/App/usbd_cdc_if.o
                0x00000000080062b4                cdcRead
 .text.cdcWrite
                0x00000000080062f8       0x50 ./Src/Lib/ret6_fw/USB_DEVICE/App/usbd_cdc_if.o
                0x00000000080062f8                cdcWrite
 .text.CDC_Init_FS
                0x0000000008006348       0x28 ./Src/Lib/ret6_fw/USB_DEVICE/App/usbd_cdc_if.o
 .text.CDC_DeInit_FS
                0x0000000008006370       0x10 ./Src/Lib/ret6_fw/USB_DEVICE/App/usbd_cdc_if.o
 .text.CDC_Control_FS
                0x0000000008006380       0xbc ./Src/Lib/ret6_fw/USB_DEVICE/App/usbd_cdc_if.o
 .text.CDC_Receive_FS
                0x000000000800643c       0x4c ./Src/Lib/ret6_fw/USB_DEVICE/App/usbd_cdc_if.o
 .text.CDC_Transmit_FS
                0x0000000008006488       0x4c ./Src/Lib/ret6_fw/USB_DEVICE/App/usbd_cdc_if.o
                0x0000000008006488                CDC_Transmit_FS
 .text.CDC_TransmitCplt_FS
                0x00000000080064d4       0x22 ./Src/Lib/ret6_fw/USB_DEVICE/App/usbd_cdc_if.o
 *fill*         0x00000000080064f6        0x2 
 .text.USBD_FS_DeviceDescriptor
                0x00000000080064f8       0x24 ./Src/Lib/ret6_fw/USB_DEVICE/App/usbd_desc.o
                0x00000000080064f8                USBD_FS_DeviceDescriptor
 .text.USBD_FS_LangIDStrDescriptor
                0x000000000800651c       0x24 ./Src/Lib/ret6_fw/USB_DEVICE/App/usbd_desc.o
                0x000000000800651c                USBD_FS_LangIDStrDescriptor
 .text.USBD_FS_ProductStrDescriptor
                0x0000000008006540       0x3c ./Src/Lib/ret6_fw/USB_DEVICE/App/usbd_desc.o
                0x0000000008006540                USBD_FS_ProductStrDescriptor
 .text.USBD_FS_ManufacturerStrDescriptor
                0x000000000800657c       0x28 ./Src/Lib/ret6_fw/USB_DEVICE/App/usbd_desc.o
                0x000000000800657c                USBD_FS_ManufacturerStrDescriptor
 .text.USBD_FS_SerialStrDescriptor
                0x00000000080065a4       0x24 ./Src/Lib/ret6_fw/USB_DEVICE/App/usbd_desc.o
                0x00000000080065a4                USBD_FS_SerialStrDescriptor
 .text.USBD_FS_ConfigStrDescriptor
                0x00000000080065c8       0x3c ./Src/Lib/ret6_fw/USB_DEVICE/App/usbd_desc.o
                0x00000000080065c8                USBD_FS_ConfigStrDescriptor
 .text.USBD_FS_InterfaceStrDescriptor
                0x0000000008006604       0x3c ./Src/Lib/ret6_fw/USB_DEVICE/App/usbd_desc.o
                0x0000000008006604                USBD_FS_InterfaceStrDescriptor
 .text.Get_SerialNum
                0x0000000008006640       0x58 ./Src/Lib/ret6_fw/USB_DEVICE/App/usbd_desc.o
 .text.IntToUnicode
                0x0000000008006698       0x7e ./Src/Lib/ret6_fw/USB_DEVICE/App/usbd_desc.o
 *fill*         0x0000000008006716        0x2 
 .text.HAL_PCD_MspInit
                0x0000000008006718       0xa8 ./Src/Lib/ret6_fw/USB_DEVICE/Target/usbd_conf.o
                0x0000000008006718                HAL_PCD_MspInit
 .text.HAL_PCD_SetupStageCallback
                0x00000000080067c0       0x24 ./Src/Lib/ret6_fw/USB_DEVICE/Target/usbd_conf.o
                0x00000000080067c0                HAL_PCD_SetupStageCallback
 .text.HAL_PCD_DataOutStageCallback
                0x00000000080067e4       0x36 ./Src/Lib/ret6_fw/USB_DEVICE/Target/usbd_conf.o
                0x00000000080067e4                HAL_PCD_DataOutStageCallback
 .text.HAL_PCD_DataInStageCallback
                0x000000000800681a       0x34 ./Src/Lib/ret6_fw/USB_DEVICE/Target/usbd_conf.o
                0x000000000800681a                HAL_PCD_DataInStageCallback
 .text.HAL_PCD_SOFCallback
                0x000000000800684e       0x1c ./Src/Lib/ret6_fw/USB_DEVICE/Target/usbd_conf.o
                0x000000000800684e                HAL_PCD_SOFCallback
 .text.HAL_PCD_ResetCallback
                0x000000000800686a       0x3c ./Src/Lib/ret6_fw/USB_DEVICE/Target/usbd_conf.o
                0x000000000800686a                HAL_PCD_ResetCallback
 *fill*         0x00000000080068a6        0x2 
 .text.HAL_PCD_SuspendCallback
                0x00000000080068a8       0x4c ./Src/Lib/ret6_fw/USB_DEVICE/Target/usbd_conf.o
                0x00000000080068a8                HAL_PCD_SuspendCallback
 .text.HAL_PCD_ResumeCallback
                0x00000000080068f4       0x1c ./Src/Lib/ret6_fw/USB_DEVICE/Target/usbd_conf.o
                0x00000000080068f4                HAL_PCD_ResumeCallback
 .text.HAL_PCD_ISOOUTIncompleteCallback
                0x0000000008006910       0x24 ./Src/Lib/ret6_fw/USB_DEVICE/Target/usbd_conf.o
                0x0000000008006910                HAL_PCD_ISOOUTIncompleteCallback
 .text.HAL_PCD_ISOINIncompleteCallback
                0x0000000008006934       0x24 ./Src/Lib/ret6_fw/USB_DEVICE/Target/usbd_conf.o
                0x0000000008006934                HAL_PCD_ISOINIncompleteCallback
 .text.HAL_PCD_ConnectCallback
                0x0000000008006958       0x1c ./Src/Lib/ret6_fw/USB_DEVICE/Target/usbd_conf.o
                0x0000000008006958                HAL_PCD_ConnectCallback
 .text.HAL_PCD_DisconnectCallback
                0x0000000008006974       0x1c ./Src/Lib/ret6_fw/USB_DEVICE/Target/usbd_conf.o
                0x0000000008006974                HAL_PCD_DisconnectCallback
 .text.USBD_LL_Init
                0x0000000008006990       0x98 ./Src/Lib/ret6_fw/USB_DEVICE/Target/usbd_conf.o
                0x0000000008006990                USBD_LL_Init
 .text.USBD_LL_Start
                0x0000000008006a28       0x36 ./Src/Lib/ret6_fw/USB_DEVICE/Target/usbd_conf.o
                0x0000000008006a28                USBD_LL_Start
 .text.USBD_LL_OpenEP
                0x0000000008006a5e       0x4c ./Src/Lib/ret6_fw/USB_DEVICE/Target/usbd_conf.o
                0x0000000008006a5e                USBD_LL_OpenEP
 .text.USBD_LL_CloseEP
                0x0000000008006aaa       0x3e ./Src/Lib/ret6_fw/USB_DEVICE/Target/usbd_conf.o
                0x0000000008006aaa                USBD_LL_CloseEP
 .text.USBD_LL_StallEP
                0x0000000008006ae8       0x3e ./Src/Lib/ret6_fw/USB_DEVICE/Target/usbd_conf.o
                0x0000000008006ae8                USBD_LL_StallEP
 .text.USBD_LL_ClearStallEP
                0x0000000008006b26       0x3e ./Src/Lib/ret6_fw/USB_DEVICE/Target/usbd_conf.o
                0x0000000008006b26                USBD_LL_ClearStallEP
 .text.USBD_LL_IsStallEP
                0x0000000008006b64       0x58 ./Src/Lib/ret6_fw/USB_DEVICE/Target/usbd_conf.o
                0x0000000008006b64                USBD_LL_IsStallEP
 .text.USBD_LL_SetUSBAddress
                0x0000000008006bbc       0x3e ./Src/Lib/ret6_fw/USB_DEVICE/Target/usbd_conf.o
                0x0000000008006bbc                USBD_LL_SetUSBAddress
 .text.USBD_LL_Transmit
                0x0000000008006bfa       0x42 ./Src/Lib/ret6_fw/USB_DEVICE/Target/usbd_conf.o
                0x0000000008006bfa                USBD_LL_Transmit
 .text.USBD_LL_PrepareReceive
                0x0000000008006c3c       0x42 ./Src/Lib/ret6_fw/USB_DEVICE/Target/usbd_conf.o
                0x0000000008006c3c                USBD_LL_PrepareReceive
 .text.USBD_LL_GetRxDataSize
                0x0000000008006c7e       0x26 ./Src/Lib/ret6_fw/USB_DEVICE/Target/usbd_conf.o
                0x0000000008006c7e                USBD_LL_GetRxDataSize
 .text.USBD_static_malloc
                0x0000000008006ca4       0x1c ./Src/Lib/ret6_fw/USB_DEVICE/Target/usbd_conf.o
                0x0000000008006ca4                USBD_static_malloc
 .text.USBD_static_free
                0x0000000008006cc0       0x14 ./Src/Lib/ret6_fw/USB_DEVICE/Target/usbd_conf.o
                0x0000000008006cc0                USBD_static_free
 .text.USBD_Get_USB_Status
                0x0000000008006cd4       0x58 ./Src/Lib/ret6_fw/USB_DEVICE/Target/usbd_conf.o
                0x0000000008006cd4                USBD_Get_USB_Status
 .text.main     0x0000000008006d2c       0x16 ./Src/main.o
                0x0000000008006d2c                main
 .text.memset   0x0000000008006d42       0x10 /Applications/STM32CubeIDE.app/Contents/Eclipse/plugins/com.st.stm32cube.ide.mcu.externaltools.gnu-tools-for-stm32.11.3.rel1.macos64_1.1.100.202310310803/tools/bin/../lib/gcc/arm-none-eabi/11.3.1/../../../../arm-none-eabi/lib/thumb/v7e-m+fp/hard/libc_nano.a(libc_a-memset.o)
                0x0000000008006d42                memset
 *fill*         0x0000000008006d52        0x2 
 .text.__libc_init_array
                0x0000000008006d54       0x48 /Applications/STM32CubeIDE.app/Contents/Eclipse/plugins/com.st.stm32cube.ide.mcu.externaltools.gnu-tools-for-stm32.11.3.rel1.macos64_1.1.100.202310310803/tools/bin/../lib/gcc/arm-none-eabi/11.3.1/../../../../arm-none-eabi/lib/thumb/v7e-m+fp/hard/libc_nano.a(libc_a-init.o)
                0x0000000008006d54                __libc_init_array
 *(.glue_7)
 .glue_7        0x0000000008006d9c        0x0 linker stubs
 *(.glue_7t)
 .glue_7t       0x0000000008006d9c        0x0 linker stubs
 *(.eh_frame)
 .eh_frame      0x0000000008006d9c        0x0 /Applications/STM32CubeIDE.app/Contents/Eclipse/plugins/com.st.stm32cube.ide.mcu.externaltools.gnu-tools-for-stm32.11.3.rel1.macos64_1.1.100.202310310803/tools/bin/../lib/gcc/arm-none-eabi/11.3.1/thumb/v7e-m+fp/hard/crtbegin.o
 *(.init)
 .init          0x0000000008006d9c        0x4 /Applications/STM32CubeIDE.app/Contents/Eclipse/plugins/com.st.stm32cube.ide.mcu.externaltools.gnu-tools-for-stm32.11.3.rel1.macos64_1.1.100.202310310803/tools/bin/../lib/gcc/arm-none-eabi/11.3.1/thumb/v7e-m+fp/hard/crti.o
                0x0000000008006d9c                _init
 .init          0x0000000008006da0        0x8 /Applications/STM32CubeIDE.app/Contents/Eclipse/plugins/com.st.stm32cube.ide.mcu.externaltools.gnu-tools-for-stm32.11.3.rel1.macos64_1.1.100.202310310803/tools/bin/../lib/gcc/arm-none-eabi/11.3.1/thumb/v7e-m+fp/hard/crtn.o
 *(.fini)
 .fini          0x0000000008006da8        0x4 /Applications/STM32CubeIDE.app/Contents/Eclipse/plugins/com.st.stm32cube.ide.mcu.externaltools.gnu-tools-for-stm32.11.3.rel1.macos64_1.1.100.202310310803/tools/bin/../lib/gcc/arm-none-eabi/11.3.1/thumb/v7e-m+fp/hard/crti.o
                0x0000000008006da8                _fini
 .fini          0x0000000008006dac        0x8 /Applications/STM32CubeIDE.app/Contents/Eclipse/plugins/com.st.stm32cube.ide.mcu.externaltools.gnu-tools-for-stm32.11.3.rel1.macos64_1.1.100.202310310803/tools/bin/../lib/gcc/arm-none-eabi/11.3.1/thumb/v7e-m+fp/hard/crtn.o
                0x0000000008006db4                . = ALIGN (0x4)
                0x0000000008006db4                _etext = .

.vfp11_veneer   0x0000000008006db4        0x0
 .vfp11_veneer  0x0000000008006db4        0x0 linker stubs

.v4_bx          0x0000000008006db4        0x0
 .v4_bx         0x0000000008006db4        0x0 linker stubs

.iplt           0x0000000008006db4        0x0
 .iplt          0x0000000008006db4        0x0 /Applications/STM32CubeIDE.app/Contents/Eclipse/plugins/com.st.stm32cube.ide.mcu.externaltools.gnu-tools-for-stm32.11.3.rel1.macos64_1.1.100.202310310803/tools/bin/../lib/gcc/arm-none-eabi/11.3.1/thumb/v7e-m+fp/hard/crtbegin.o

.rodata         0x0000000008006db4       0x68
                0x0000000008006db4                . = ALIGN (0x4)
 *(.rodata)
 .rodata        0x0000000008006db4        0xe ./Src/App/src/app.o
 *fill*         0x0000000008006dc2        0x2 
 .rodata        0x0000000008006dc4       0x46 ./Src/Lib/ret6_fw/USB_DEVICE/App/usbd_desc.o
 *(.rodata*)
 *fill*         0x0000000008006e0a        0x2 
 .rodata.AHBPrescTable
                0x0000000008006e0c       0x10 ./Src/Device/Bsp/src/system_stm32f4xx.o
                0x0000000008006e0c                AHBPrescTable
                0x0000000008006e1c                . = ALIGN (0x4)

.ARM.extab      0x0000000008006e1c        0x0
                0x0000000008006e1c                . = ALIGN (0x4)
 *(.ARM.extab* .gnu.linkonce.armextab.*)
                0x0000000008006e1c                . = ALIGN (0x4)

.ARM            0x0000000008006e1c        0x8
                0x0000000008006e1c                . = ALIGN (0x4)
                0x0000000008006e1c                __exidx_start = .
 *(.ARM.exidx*)
 .ARM.exidx     0x0000000008006e1c        0x8 /Applications/STM32CubeIDE.app/Contents/Eclipse/plugins/com.st.stm32cube.ide.mcu.externaltools.gnu-tools-for-stm32.11.3.rel1.macos64_1.1.100.202310310803/tools/bin/../lib/gcc/arm-none-eabi/11.3.1/thumb/v7e-m+fp/hard/libgcc.a(_udivmoddi4.o)
                0x0000000008006e24                __exidx_end = .
                0x0000000008006e24                . = ALIGN (0x4)

.rel.dyn        0x0000000008006e24        0x0
 .rel.iplt      0x0000000008006e24        0x0 /Applications/STM32CubeIDE.app/Contents/Eclipse/plugins/com.st.stm32cube.ide.mcu.externaltools.gnu-tools-for-stm32.11.3.rel1.macos64_1.1.100.202310310803/tools/bin/../lib/gcc/arm-none-eabi/11.3.1/thumb/v7e-m+fp/hard/crtbegin.o

.preinit_array  0x0000000008006e24        0x0
                0x0000000008006e24                . = ALIGN (0x4)
                0x0000000008006e24                PROVIDE (__preinit_array_start = .)
 *(.preinit_array*)
                0x0000000008006e24                PROVIDE (__preinit_array_end = .)
                0x0000000008006e24                . = ALIGN (0x4)

.init_array     0x0000000008006e24        0x4
                0x0000000008006e24                . = ALIGN (0x4)
                0x0000000008006e24                PROVIDE (__init_array_start = .)
 *(SORT_BY_NAME(.init_array.*))
 *(.init_array*)
 .init_array    0x0000000008006e24        0x4 /Applications/STM32CubeIDE.app/Contents/Eclipse/plugins/com.st.stm32cube.ide.mcu.externaltools.gnu-tools-for-stm32.11.3.rel1.macos64_1.1.100.202310310803/tools/bin/../lib/gcc/arm-none-eabi/11.3.1/thumb/v7e-m+fp/hard/crtbegin.o
                0x0000000008006e28                PROVIDE (__init_array_end = .)
                0x0000000008006e28                . = ALIGN (0x4)

.fini_array     0x0000000008006e28        0x4
                0x0000000008006e28                . = ALIGN (0x4)
                [!provide]                        PROVIDE (__fini_array_start = .)
 *(SORT_BY_NAME(.fini_array.*))
 *(.fini_array*)
 .fini_array    0x0000000008006e28        0x4 /Applications/STM32CubeIDE.app/Contents/Eclipse/plugins/com.st.stm32cube.ide.mcu.externaltools.gnu-tools-for-stm32.11.3.rel1.macos64_1.1.100.202310310803/tools/bin/../lib/gcc/arm-none-eabi/11.3.1/thumb/v7e-m+fp/hard/crtbegin.o
                [!provide]                        PROVIDE (__fini_array_end = .)
                0x0000000008006e2c                . = ALIGN (0x4)
                0x0000000008006e2c                _sidata = LOADADDR (.data)

.data           0x0000000020000000       0xfc load address 0x0000000008006e2c
                0x0000000020000000                . = ALIGN (0x4)
                0x0000000020000000                _sdata = .
 *(.data)
 *(.data*)
 .data.SystemCoreClock
                0x0000000020000000        0x4 ./Src/Device/Bsp/src/system_stm32f4xx.o
                0x0000000020000000                SystemCoreClock
 .data.uwTickPrio
                0x0000000020000004        0x4 ./Src/Lib/ret6_fw/Drivers/STM32F4xx_HAL_Driver/Src/stm32f4xx_hal.o
                0x0000000020000004                uwTickPrio
 .data.uwTickFreq
                0x0000000020000008        0x1 ./Src/Lib/ret6_fw/Drivers/STM32F4xx_HAL_Driver/Src/stm32f4xx_hal.o
                0x0000000020000008                uwTickFreq
 *fill*         0x0000000020000009        0x3 
 .data.USBD_CDC_DeviceQualifierDesc
                0x000000002000000c        0xa ./Src/Lib/ret6_fw/Middlewares/ST/STM32_USB_Device_Library/Class/CDC/Src/usbd_cdc.o
 *fill*         0x0000000020000016        0x2 
 .data.USBD_CDC
                0x0000000020000018       0x38 ./Src/Lib/ret6_fw/Middlewares/ST/STM32_USB_Device_Library/Class/CDC/Src/usbd_cdc.o
                0x0000000020000018                USBD_CDC
 .data.USBD_CDC_CfgDesc
                0x0000000020000050       0x43 ./Src/Lib/ret6_fw/Middlewares/ST/STM32_USB_Device_Library/Class/CDC/Src/usbd_cdc.o
 .data.CDCInEpAdd
                0x0000000020000093        0x1 ./Src/Lib/ret6_fw/Middlewares/ST/STM32_USB_Device_Library/Class/CDC/Src/usbd_cdc.o
 .data.CDCOutEpAdd
                0x0000000020000094        0x1 ./Src/Lib/ret6_fw/Middlewares/ST/STM32_USB_Device_Library/Class/CDC/Src/usbd_cdc.o
 .data.CDCCmdEpAdd
                0x0000000020000095        0x1 ./Src/Lib/ret6_fw/Middlewares/ST/STM32_USB_Device_Library/Class/CDC/Src/usbd_cdc.o
 *fill*         0x0000000020000096        0x2 
 .data.USBD_Interface_fops_FS
                0x0000000020000098       0x14 ./Src/Lib/ret6_fw/USB_DEVICE/App/usbd_cdc_if.o
                0x0000000020000098                USBD_Interface_fops_FS
 .data.FS_Desc  0x00000000200000ac       0x1c ./Src/Lib/ret6_fw/USB_DEVICE/App/usbd_desc.o
                0x00000000200000ac                FS_Desc
 .data.USBD_FS_DeviceDesc
                0x00000000200000c8       0x12 ./Src/Lib/ret6_fw/USB_DEVICE/App/usbd_desc.o
                0x00000000200000c8                USBD_FS_DeviceDesc
 *fill*         0x00000000200000da        0x2 
 .data.USBD_LangIDDesc
                0x00000000200000dc        0x4 ./Src/Lib/ret6_fw/USB_DEVICE/App/usbd_desc.o
                0x00000000200000dc                USBD_LangIDDesc
 .data.USBD_StringSerial
                0x00000000200000e0       0x1a ./Src/Lib/ret6_fw/USB_DEVICE/App/usbd_desc.o
                0x00000000200000e0                USBD_StringSerial
 *(.RamFunc)
 *(.RamFunc*)
                0x00000000200000fc                . = ALIGN (0x4)
 *fill*         0x00000000200000fa        0x2 
                0x00000000200000fc                _edata = .

.igot.plt       0x00000000200000fc        0x0 load address 0x0000000008006f28
 .igot.plt      0x00000000200000fc        0x0 /Applications/STM32CubeIDE.app/Contents/Eclipse/plugins/com.st.stm32cube.ide.mcu.externaltools.gnu-tools-for-stm32.11.3.rel1.macos64_1.1.100.202310310803/tools/bin/../lib/gcc/arm-none-eabi/11.3.1/thumb/v7e-m+fp/hard/crtbegin.o
                0x00000000200000fc                . = ALIGN (0x4)

.bss            0x00000000200000fc     0x120c load address 0x0000000008006f28
                0x00000000200000fc                _sbss = .
                0x00000000200000fc                __bss_start__ = _sbss
 *(.bss)
 .bss           0x00000000200000fc       0x1c /Applications/STM32CubeIDE.app/Contents/Eclipse/plugins/com.st.stm32cube.ide.mcu.externaltools.gnu-tools-for-stm32.11.3.rel1.macos64_1.1.100.202310310803/tools/bin/../lib/gcc/arm-none-eabi/11.3.1/thumb/v7e-m+fp/hard/crtbegin.o
 *(.bss*)
 .bss.uwTick    0x0000000020000118        0x4 ./Src/Lib/ret6_fw/Drivers/STM32F4xx_HAL_Driver/Src/stm32f4xx_hal.o
                0x0000000020000118                uwTick
 .bss.cfgidx.0  0x000000002000011c        0x1 ./Src/Lib/ret6_fw/Middlewares/ST/STM32_USB_Device_Library/Core/Src/usbd_ctlreq.o
 *fill*         0x000000002000011d        0x3 
 .bss.hUsbDeviceFS
                0x0000000020000120      0x2dc ./Src/Lib/ret6_fw/USB_DEVICE/App/usb_device.o
                0x0000000020000120                hUsbDeviceFS
 .bss.rx_buf    0x00000000200003fc      0x200 ./Src/Lib/ret6_fw/USB_DEVICE/App/usbd_cdc_if.o
                0x00000000200003fc                rx_buf
 .bss.rx_in     0x00000000200005fc        0x4 ./Src/Lib/ret6_fw/USB_DEVICE/App/usbd_cdc_if.o
                0x00000000200005fc                rx_in
 .bss.rx_out    0x0000000020000600        0x4 ./Src/Lib/ret6_fw/USB_DEVICE/App/usbd_cdc_if.o
                0x0000000020000600                rx_out
 .bss.UserRxBufferFS
                0x0000000020000604      0x200 ./Src/Lib/ret6_fw/USB_DEVICE/App/usbd_cdc_if.o
                0x0000000020000604                UserRxBufferFS
 .bss.UserTxBufferFS
                0x0000000020000804      0x200 ./Src/Lib/ret6_fw/USB_DEVICE/App/usbd_cdc_if.o
                0x0000000020000804                UserTxBufferFS
 .bss.USBD_StrDesc
                0x0000000020000a04      0x200 ./Src/Lib/ret6_fw/USB_DEVICE/App/usbd_desc.o
                0x0000000020000a04                USBD_StrDesc
 .bss.hpcd_USB_OTG_FS
                0x0000000020000c04      0x4e4 ./Src/Lib/ret6_fw/USB_DEVICE/Target/usbd_conf.o
                0x0000000020000c04                hpcd_USB_OTG_FS
 .bss.mem.0     0x00000000200010e8      0x220 ./Src/Lib/ret6_fw/USB_DEVICE/Target/usbd_conf.o
 *(COMMON)
                0x0000000020001308                . = ALIGN (0x4)
                0x0000000020001308                _ebss = .
                0x0000000020001308                __bss_end__ = _ebss

._user_heap_stack
                0x0000000020001308      0x600 load address 0x0000000008006f28
                0x0000000020001308                . = ALIGN (0x8)
                [!provide]                        PROVIDE (end = .)
                0x0000000020001308                PROVIDE (_end = .)
                0x0000000020001508                . = (. + _Min_Heap_Size)
 *fill*         0x0000000020001308      0x200 
                0x0000000020001908                . = (. + _Min_Stack_Size)
 *fill*         0x0000000020001508      0x400 
                0x0000000020001908                . = ALIGN (0x8)

/DISCARD/
 libc.a(*)
 libm.a(*)
 libgcc.a(*)

.ARM.attributes
                0x0000000000000000       0x30
 *(.ARM.attributes)
 .ARM.attributes
                0x0000000000000000       0x1e /Applications/STM32CubeIDE.app/Contents/Eclipse/plugins/com.st.stm32cube.ide.mcu.externaltools.gnu-tools-for-stm32.11.3.rel1.macos64_1.1.100.202310310803/tools/bin/../lib/gcc/arm-none-eabi/11.3.1/thumb/v7e-m+fp/hard/crti.o
 .ARM.attributes
                0x000000000000001e       0x34 /Applications/STM32CubeIDE.app/Contents/Eclipse/plugins/com.st.stm32cube.ide.mcu.externaltools.gnu-tools-for-stm32.11.3.rel1.macos64_1.1.100.202310310803/tools/bin/../lib/gcc/arm-none-eabi/11.3.1/thumb/v7e-m+fp/hard/crtbegin.o
 .ARM.attributes
                0x0000000000000052       0x34 ./Src/App/src/app.o
 .ARM.attributes
                0x0000000000000086       0x34 ./Src/Device/Bsp/src/bsp.o
 .ARM.attributes
                0x00000000000000ba       0x34 ./Src/Device/Bsp/src/stm32f4xx_hal_msp.o
 .ARM.attributes
                0x00000000000000ee       0x34 ./Src/Device/Bsp/src/stm32f4xx_it.o
 .ARM.attributes
                0x0000000000000122       0x34 ./Src/Device/Bsp/src/system_stm32f4xx.o
 .ARM.attributes
                0x0000000000000156       0x21 ./Src/Device/Bsp/startup/startup_stm32f401ccux.o
 .ARM.attributes
                0x0000000000000177       0x34 ./Src/Device/Hw/src/hw.o
 .ARM.attributes
                0x00000000000001ab       0x34 ./Src/Lib/ret6_fw/Drivers/STM32F4xx_HAL_Driver/Src/stm32f4xx_hal.o
 .ARM.attributes
                0x00000000000001df       0x34 ./Src/Lib/ret6_fw/Drivers/STM32F4xx_HAL_Driver/Src/stm32f4xx_hal_cortex.o
 .ARM.attributes
                0x0000000000000213       0x34 ./Src/Lib/ret6_fw/Drivers/STM32F4xx_HAL_Driver/Src/stm32f4xx_hal_gpio.o
 .ARM.attributes
                0x0000000000000247       0x34 ./Src/Lib/ret6_fw/Drivers/STM32F4xx_HAL_Driver/Src/stm32f4xx_hal_pcd.o
 .ARM.attributes
                0x000000000000027b       0x34 ./Src/Lib/ret6_fw/Drivers/STM32F4xx_HAL_Driver/Src/stm32f4xx_hal_pcd_ex.o
 .ARM.attributes
                0x00000000000002af       0x34 ./Src/Lib/ret6_fw/Drivers/STM32F4xx_HAL_Driver/Src/stm32f4xx_hal_rcc.o
 .ARM.attributes
                0x00000000000002e3       0x34 ./Src/Lib/ret6_fw/Drivers/STM32F4xx_HAL_Driver/Src/stm32f4xx_ll_usb.o
 .ARM.attributes
                0x0000000000000317       0x34 ./Src/Lib/ret6_fw/Middlewares/ST/STM32_USB_Device_Library/Class/CDC/Src/usbd_cdc.o
 .ARM.attributes
                0x000000000000034b       0x34 ./Src/Lib/ret6_fw/Middlewares/ST/STM32_USB_Device_Library/Core/Src/usbd_core.o
 .ARM.attributes
                0x000000000000037f       0x34 ./Src/Lib/ret6_fw/Middlewares/ST/STM32_USB_Device_Library/Core/Src/usbd_ctlreq.o
 .ARM.attributes
                0x00000000000003b3       0x34 ./Src/Lib/ret6_fw/Middlewares/ST/STM32_USB_Device_Library/Core/Src/usbd_ioreq.o
 .ARM.attributes
                0x00000000000003e7       0x34 ./Src/Lib/ret6_fw/USB_DEVICE/App/usb_device.o
 .ARM.attributes
                0x000000000000041b       0x34 ./Src/Lib/ret6_fw/USB_DEVICE/App/usbd_cdc_if.o
 .ARM.attributes
                0x000000000000044f       0x34 ./Src/Lib/ret6_fw/USB_DEVICE/App/usbd_desc.o
 .ARM.attributes
                0x0000000000000483       0x34 ./Src/Lib/ret6_fw/USB_DEVICE/Target/usbd_conf.o
 .ARM.attributes
                0x00000000000004b7       0x34 ./Src/main.o
 .ARM.attributes
                0x00000000000004eb       0x34 /Applications/STM32CubeIDE.app/Contents/Eclipse/plugins/com.st.stm32cube.ide.mcu.externaltools.gnu-tools-for-stm32.11.3.rel1.macos64_1.1.100.202310310803/tools/bin/../lib/gcc/arm-none-eabi/11.3.1/../../../../arm-none-eabi/lib/thumb/v7e-m+fp/hard/libc_nano.a(libc_a-memset.o)
 .ARM.attributes
                0x000000000000051f       0x34 /Applications/STM32CubeIDE.app/Contents/Eclipse/plugins/com.st.stm32cube.ide.mcu.externaltools.gnu-tools-for-stm32.11.3.rel1.macos64_1.1.100.202310310803/tools/bin/../lib/gcc/arm-none-eabi/11.3.1/../../../../arm-none-eabi/lib/thumb/v7e-m+fp/hard/libc_nano.a(libc_a-init.o)
 .ARM.attributes
                0x0000000000000553       0x1e /Applications/STM32CubeIDE.app/Contents/Eclipse/plugins/com.st.stm32cube.ide.mcu.externaltools.gnu-tools-for-stm32.11.3.rel1.macos64_1.1.100.202310310803/tools/bin/../lib/gcc/arm-none-eabi/11.3.1/thumb/v7e-m+fp/hard/libgcc.a(_aeabi_uldivmod.o)
 .ARM.attributes
                0x0000000000000571       0x34 /Applications/STM32CubeIDE.app/Contents/Eclipse/plugins/com.st.stm32cube.ide.mcu.externaltools.gnu-tools-for-stm32.11.3.rel1.macos64_1.1.100.202310310803/tools/bin/../lib/gcc/arm-none-eabi/11.3.1/thumb/v7e-m+fp/hard/libgcc.a(_udivmoddi4.o)
 .ARM.attributes
                0x00000000000005a5       0x1e /Applications/STM32CubeIDE.app/Contents/Eclipse/plugins/com.st.stm32cube.ide.mcu.externaltools.gnu-tools-for-stm32.11.3.rel1.macos64_1.1.100.202310310803/tools/bin/../lib/gcc/arm-none-eabi/11.3.1/thumb/v7e-m+fp/hard/libgcc.a(_dvmd_tls.o)
 .ARM.attributes
                0x00000000000005c3       0x1e /Applications/STM32CubeIDE.app/Contents/Eclipse/plugins/com.st.stm32cube.ide.mcu.externaltools.gnu-tools-for-stm32.11.3.rel1.macos64_1.1.100.202310310803/tools/bin/../lib/gcc/arm-none-eabi/11.3.1/thumb/v7e-m+fp/hard/crtn.o
OUTPUT(usb_cdc.elf elf32-littlearm)
LOAD linker stubs
LOAD /Applications/STM32CubeIDE.app/Contents/Eclipse/plugins/com.st.stm32cube.ide.mcu.externaltools.gnu-tools-for-stm32.11.3.rel1.macos64_1.1.100.202310310803/tools/bin/../lib/gcc/arm-none-eabi/11.3.1/../../../../arm-none-eabi/lib/thumb/v7e-m+fp/hard/libc.a
LOAD /Applications/STM32CubeIDE.app/Contents/Eclipse/plugins/com.st.stm32cube.ide.mcu.externaltools.gnu-tools-for-stm32.11.3.rel1.macos64_1.1.100.202310310803/tools/bin/../lib/gcc/arm-none-eabi/11.3.1/../../../../arm-none-eabi/lib/thumb/v7e-m+fp/hard/libm.a
LOAD /Applications/STM32CubeIDE.app/Contents/Eclipse/plugins/com.st.stm32cube.ide.mcu.externaltools.gnu-tools-for-stm32.11.3.rel1.macos64_1.1.100.202310310803/tools/bin/../lib/gcc/arm-none-eabi/11.3.1/thumb/v7e-m+fp/hard/libgcc.a

.comment        0x0000000000000000       0x43
 .comment       0x0000000000000000       0x43 /Applications/STM32CubeIDE.app/Contents/Eclipse/plugins/com.st.stm32cube.ide.mcu.externaltools.gnu-tools-for-stm32.11.3.rel1.macos64_1.1.100.202310310803/tools/bin/../lib/gcc/arm-none-eabi/11.3.1/thumb/v7e-m+fp/hard/crtbegin.o
                                         0x44 (size before relaxing)
 .comment       0x0000000000000043       0x44 ./Src/App/src/app.o
 .comment       0x0000000000000043       0x44 ./Src/Device/Bsp/src/bsp.o
 .comment       0x0000000000000043       0x44 ./Src/Device/Bsp/src/stm32f4xx_hal_msp.o
 .comment       0x0000000000000043       0x44 ./Src/Device/Bsp/src/stm32f4xx_it.o
 .comment       0x0000000000000043       0x44 ./Src/Device/Bsp/src/system_stm32f4xx.o
 .comment       0x0000000000000043       0x44 ./Src/Device/Hw/src/hw.o
 .comment       0x0000000000000043       0x44 ./Src/Lib/ret6_fw/Drivers/STM32F4xx_HAL_Driver/Src/stm32f4xx_hal.o
 .comment       0x0000000000000043       0x44 ./Src/Lib/ret6_fw/Drivers/STM32F4xx_HAL_Driver/Src/stm32f4xx_hal_cortex.o
 .comment       0x0000000000000043       0x44 ./Src/Lib/ret6_fw/Drivers/STM32F4xx_HAL_Driver/Src/stm32f4xx_hal_gpio.o
 .comment       0x0000000000000043       0x44 ./Src/Lib/ret6_fw/Drivers/STM32F4xx_HAL_Driver/Src/stm32f4xx_hal_pcd.o
 .comment       0x0000000000000043       0x44 ./Src/Lib/ret6_fw/Drivers/STM32F4xx_HAL_Driver/Src/stm32f4xx_hal_pcd_ex.o
 .comment       0x0000000000000043       0x44 ./Src/Lib/ret6_fw/Drivers/STM32F4xx_HAL_Driver/Src/stm32f4xx_hal_rcc.o
 .comment       0x0000000000000043       0x44 ./Src/Lib/ret6_fw/Drivers/STM32F4xx_HAL_Driver/Src/stm32f4xx_ll_usb.o
 .comment       0x0000000000000043       0x44 ./Src/Lib/ret6_fw/Middlewares/ST/STM32_USB_Device_Library/Class/CDC/Src/usbd_cdc.o
 .comment       0x0000000000000043       0x44 ./Src/Lib/ret6_fw/Middlewares/ST/STM32_USB_Device_Library/Core/Src/usbd_core.o
 .comment       0x0000000000000043       0x44 ./Src/Lib/ret6_fw/Middlewares/ST/STM32_USB_Device_Library/Core/Src/usbd_ctlreq.o
 .comment       0x0000000000000043       0x44 ./Src/Lib/ret6_fw/Middlewares/ST/STM32_USB_Device_Library/Core/Src/usbd_ioreq.o
 .comment       0x0000000000000043       0x44 ./Src/Lib/ret6_fw/USB_DEVICE/App/usb_device.o
 .comment       0x0000000000000043       0x44 ./Src/Lib/ret6_fw/USB_DEVICE/App/usbd_cdc_if.o
 .comment       0x0000000000000043       0x44 ./Src/Lib/ret6_fw/USB_DEVICE/App/usbd_desc.o
 .comment       0x0000000000000043       0x44 ./Src/Lib/ret6_fw/USB_DEVICE/Target/usbd_conf.o
 .comment       0x0000000000000043       0x44 ./Src/main.o

.debug_info     0x0000000000000000     0xd7f8
 .debug_info    0x0000000000000000      0x25b ./Src/App/src/app.o
 .debug_info    0x000000000000025b      0x686 ./Src/Device/Bsp/src/bsp.o
 .debug_info    0x00000000000008e1      0x298 ./Src/Device/Bsp/src/stm32f4xx_hal_msp.o
 .debug_info    0x0000000000000b79      0x62e ./Src/Device/Bsp/src/stm32f4xx_it.o
 .debug_info    0x00000000000011a7      0x537 ./Src/Device/Bsp/src/system_stm32f4xx.o
 .debug_info    0x00000000000016de       0x23 ./Src/Device/Bsp/startup/startup_stm32f401ccux.o
 .debug_info    0x0000000000001701       0x99 ./Src/Device/Hw/src/hw.o
 .debug_info    0x000000000000179a      0x8bb ./Src/Lib/ret6_fw/Drivers/STM32F4xx_HAL_Driver/Src/stm32f4xx_hal.o
 .debug_info    0x0000000000002055      0xcc1 ./Src/Lib/ret6_fw/Drivers/STM32F4xx_HAL_Driver/Src/stm32f4xx_hal_cortex.o
 .debug_info    0x0000000000002d16      0x6f9 ./Src/Lib/ret6_fw/Drivers/STM32F4xx_HAL_Driver/Src/stm32f4xx_hal_gpio.o
 .debug_info    0x000000000000340f     0x1577 ./Src/Lib/ret6_fw/Drivers/STM32F4xx_HAL_Driver/Src/stm32f4xx_hal_pcd.o
 .debug_info    0x0000000000004986      0x6ea ./Src/Lib/ret6_fw/Drivers/STM32F4xx_HAL_Driver/Src/stm32f4xx_hal_pcd_ex.o
 .debug_info    0x0000000000005070      0x8f3 ./Src/Lib/ret6_fw/Drivers/STM32F4xx_HAL_Driver/Src/stm32f4xx_hal_rcc.o
 .debug_info    0x0000000000005963     0x1993 ./Src/Lib/ret6_fw/Drivers/STM32F4xx_HAL_Driver/Src/stm32f4xx_ll_usb.o
 .debug_info    0x00000000000072f6     0x12a3 ./Src/Lib/ret6_fw/Middlewares/ST/STM32_USB_Device_Library/Class/CDC/Src/usbd_cdc.o
 .debug_info    0x0000000000008599      0xe05 ./Src/Lib/ret6_fw/Middlewares/ST/STM32_USB_Device_Library/Core/Src/usbd_core.o
 .debug_info    0x000000000000939e      0xade ./Src/Lib/ret6_fw/Middlewares/ST/STM32_USB_Device_Library/Core/Src/usbd_ctlreq.o
 .debug_info    0x0000000000009e7c      0x755 ./Src/Lib/ret6_fw/Middlewares/ST/STM32_USB_Device_Library/Core/Src/usbd_ioreq.o
 .debug_info    0x000000000000a5d1      0x701 ./Src/Lib/ret6_fw/USB_DEVICE/App/usb_device.o
 .debug_info    0x000000000000acd2      0xa25 ./Src/Lib/ret6_fw/USB_DEVICE/App/usbd_cdc_if.o
 .debug_info    0x000000000000b6f7      0x458 ./Src/Lib/ret6_fw/USB_DEVICE/App/usbd_desc.o
 .debug_info    0x000000000000bb4f     0x1bff ./Src/Lib/ret6_fw/USB_DEVICE/Target/usbd_conf.o
 .debug_info    0x000000000000d74e       0xaa ./Src/main.o

.debug_abbrev   0x0000000000000000     0x2c41
 .debug_abbrev  0x0000000000000000      0x168 ./Src/App/src/app.o
 .debug_abbrev  0x0000000000000168      0x1d4 ./Src/Device/Bsp/src/bsp.o
 .debug_abbrev  0x000000000000033c       0xd8 ./Src/Device/Bsp/src/stm32f4xx_hal_msp.o
 .debug_abbrev  0x0000000000000414      0x1a4 ./Src/Device/Bsp/src/stm32f4xx_it.o
 .debug_abbrev  0x00000000000005b8      0x11a ./Src/Device/Bsp/src/system_stm32f4xx.o
 .debug_abbrev  0x00000000000006d2       0x12 ./Src/Device/Bsp/startup/startup_stm32f401ccux.o
 .debug_abbrev  0x00000000000006e4       0x58 ./Src/Device/Hw/src/hw.o
 .debug_abbrev  0x000000000000073c      0x24b ./Src/Lib/ret6_fw/Drivers/STM32F4xx_HAL_Driver/Src/stm32f4xx_hal.o
 .debug_abbrev  0x0000000000000987      0x328 ./Src/Lib/ret6_fw/Drivers/STM32F4xx_HAL_Driver/Src/stm32f4xx_hal_cortex.o
 .debug_abbrev  0x0000000000000caf      0x1d3 ./Src/Lib/ret6_fw/Drivers/STM32F4xx_HAL_Driver/Src/stm32f4xx_hal_gpio.o
 .debug_abbrev  0x0000000000000e82      0x2b6 ./Src/Lib/ret6_fw/Drivers/STM32F4xx_HAL_Driver/Src/stm32f4xx_hal_pcd.o
 .debug_abbrev  0x0000000000001138      0x1da ./Src/Lib/ret6_fw/Drivers/STM32F4xx_HAL_Driver/Src/stm32f4xx_hal_pcd_ex.o
 .debug_abbrev  0x0000000000001312      0x2b5 ./Src/Lib/ret6_fw/Drivers/STM32F4xx_HAL_Driver/Src/stm32f4xx_hal_rcc.o
 .debug_abbrev  0x00000000000015c7      0x2b3 ./Src/Lib/ret6_fw/Drivers/STM32F4xx_HAL_Driver/Src/stm32f4xx_ll_usb.o
 .debug_abbrev  0x000000000000187a      0x2d2 ./Src/Lib/ret6_fw/Middlewares/ST/STM32_USB_Device_Library/Class/CDC/Src/usbd_cdc.o
 .debug_abbrev  0x0000000000001b4c      0x27c ./Src/Lib/ret6_fw/Middlewares/ST/STM32_USB_Device_Library/Core/Src/usbd_core.o
 .debug_abbrev  0x0000000000001dc8      0x26f ./Src/Lib/ret6_fw/Middlewares/ST/STM32_USB_Device_Library/Core/Src/usbd_ctlreq.o
 .debug_abbrev  0x0000000000002037      0x19a ./Src/Lib/ret6_fw/Middlewares/ST/STM32_USB_Device_Library/Core/Src/usbd_ioreq.o
 .debug_abbrev  0x00000000000021d1      0x195 ./Src/Lib/ret6_fw/USB_DEVICE/App/usb_device.o
 .debug_abbrev  0x0000000000002366      0x360 ./Src/Lib/ret6_fw/USB_DEVICE/App/usbd_cdc_if.o
 .debug_abbrev  0x00000000000026c6      0x1e1 ./Src/Lib/ret6_fw/USB_DEVICE/App/usbd_desc.o
 .debug_abbrev  0x00000000000028a7      0x33f ./Src/Lib/ret6_fw/USB_DEVICE/Target/usbd_conf.o
 .debug_abbrev  0x0000000000002be6       0x5b ./Src/main.o

.debug_aranges  0x0000000000000000      0xbc8
 .debug_aranges
                0x0000000000000000       0x38 ./Src/App/src/app.o
 .debug_aranges
                0x0000000000000038       0x28 ./Src/Device/Bsp/src/bsp.o
 .debug_aranges
                0x0000000000000060       0x20 ./Src/Device/Bsp/src/stm32f4xx_hal_msp.o
 .debug_aranges
                0x0000000000000080       0x68 ./Src/Device/Bsp/src/stm32f4xx_it.o
 .debug_aranges
                0x00000000000000e8       0x28 ./Src/Device/Bsp/src/system_stm32f4xx.o
 .debug_aranges
                0x0000000000000110       0x28 ./Src/Device/Bsp/startup/startup_stm32f401ccux.o
 .debug_aranges
                0x0000000000000138       0x20 ./Src/Device/Hw/src/hw.o
 .debug_aranges
                0x0000000000000158       0xf0 ./Src/Lib/ret6_fw/Drivers/STM32F4xx_HAL_Driver/Src/stm32f4xx_hal.o
 .debug_aranges
                0x0000000000000248      0x120 ./Src/Lib/ret6_fw/Drivers/STM32F4xx_HAL_Driver/Src/stm32f4xx_hal_cortex.o
 .debug_aranges
                0x0000000000000368       0x58 ./Src/Lib/ret6_fw/Drivers/STM32F4xx_HAL_Driver/Src/stm32f4xx_hal_gpio.o
 .debug_aranges
                0x00000000000003c0      0x148 ./Src/Lib/ret6_fw/Drivers/STM32F4xx_HAL_Driver/Src/stm32f4xx_hal_pcd.o
 .debug_aranges
                0x0000000000000508       0x38 ./Src/Lib/ret6_fw/Drivers/STM32F4xx_HAL_Driver/Src/stm32f4xx_hal_pcd_ex.o
 .debug_aranges
                0x0000000000000540       0x88 ./Src/Lib/ret6_fw/Drivers/STM32F4xx_HAL_Driver/Src/stm32f4xx_hal_rcc.o
 .debug_aranges
                0x00000000000005c8      0x1a0 ./Src/Lib/ret6_fw/Drivers/STM32F4xx_HAL_Driver/Src/stm32f4xx_ll_usb.o
 .debug_aranges
                0x0000000000000768       0x90 ./Src/Lib/ret6_fw/Middlewares/ST/STM32_USB_Device_Library/Class/CDC/Src/usbd_cdc.o
 .debug_aranges
                0x00000000000007f8       0xd8 ./Src/Lib/ret6_fw/Middlewares/ST/STM32_USB_Device_Library/Core/Src/usbd_core.o
 .debug_aranges
                0x00000000000008d0       0x90 ./Src/Lib/ret6_fw/Middlewares/ST/STM32_USB_Device_Library/Core/Src/usbd_ctlreq.o
 .debug_aranges
                0x0000000000000960       0x50 ./Src/Lib/ret6_fw/Middlewares/ST/STM32_USB_Device_Library/Core/Src/usbd_ioreq.o
 .debug_aranges
                0x00000000000009b0       0x20 ./Src/Lib/ret6_fw/USB_DEVICE/App/usb_device.o
 .debug_aranges
                0x00000000000009d0       0x68 ./Src/Lib/ret6_fw/USB_DEVICE/App/usbd_cdc_if.o
 .debug_aranges
                0x0000000000000a38       0x60 ./Src/Lib/ret6_fw/USB_DEVICE/App/usbd_desc.o
 .debug_aranges
                0x0000000000000a98      0x110 ./Src/Lib/ret6_fw/USB_DEVICE/Target/usbd_conf.o
 .debug_aranges
                0x0000000000000ba8       0x20 ./Src/main.o

.debug_rnglists
                0x0000000000000000      0x89e
 .debug_rnglists
                0x0000000000000000       0x25 ./Src/App/src/app.o
 .debug_rnglists
                0x0000000000000025       0x1a ./Src/Device/Bsp/src/bsp.o
 .debug_rnglists
                0x000000000000003f       0x13 ./Src/Device/Bsp/src/stm32f4xx_hal_msp.o
 .debug_rnglists
                0x0000000000000052       0x49 ./Src/Device/Bsp/src/stm32f4xx_it.o
 .debug_rnglists
                0x000000000000009b       0x1a ./Src/Device/Bsp/src/system_stm32f4xx.o
 .debug_rnglists
                0x00000000000000b5       0x19 ./Src/Device/Bsp/startup/startup_stm32f401ccux.o
 .debug_rnglists
                0x00000000000000ce       0x13 ./Src/Device/Hw/src/hw.o
 .debug_rnglists
                0x00000000000000e1       0xaf ./Src/Lib/ret6_fw/Drivers/STM32F4xx_HAL_Driver/Src/stm32f4xx_hal.o
 .debug_rnglists
                0x0000000000000190       0xd4 ./Src/Lib/ret6_fw/Drivers/STM32F4xx_HAL_Driver/Src/stm32f4xx_hal_cortex.o
 .debug_rnglists
                0x0000000000000264       0x3f ./Src/Lib/ret6_fw/Drivers/STM32F4xx_HAL_Driver/Src/stm32f4xx_hal_gpio.o
 .debug_rnglists
                0x00000000000002a3       0xfa ./Src/Lib/ret6_fw/Drivers/STM32F4xx_HAL_Driver/Src/stm32f4xx_hal_pcd.o
 .debug_rnglists
                0x000000000000039d       0x26 ./Src/Lib/ret6_fw/Drivers/STM32F4xx_HAL_Driver/Src/stm32f4xx_hal_pcd_ex.o
 .debug_rnglists
                0x00000000000003c3       0x66 ./Src/Lib/ret6_fw/Drivers/STM32F4xx_HAL_Driver/Src/stm32f4xx_hal_rcc.o
 .debug_rnglists
                0x0000000000000429      0x147 ./Src/Lib/ret6_fw/Drivers/STM32F4xx_HAL_Driver/Src/stm32f4xx_ll_usb.o
 .debug_rnglists
                0x0000000000000570       0x6c ./Src/Lib/ret6_fw/Middlewares/ST/STM32_USB_Device_Library/Class/CDC/Src/usbd_cdc.o
 .debug_rnglists
                0x00000000000005dc       0xa1 ./Src/Lib/ret6_fw/Middlewares/ST/STM32_USB_Device_Library/Core/Src/usbd_core.o
 .debug_rnglists
                0x000000000000067d       0x6e ./Src/Lib/ret6_fw/Middlewares/ST/STM32_USB_Device_Library/Core/Src/usbd_ctlreq.o
 .debug_rnglists
                0x00000000000006eb       0x37 ./Src/Lib/ret6_fw/Middlewares/ST/STM32_USB_Device_Library/Core/Src/usbd_ioreq.o
 .debug_rnglists
                0x0000000000000722       0x13 ./Src/Lib/ret6_fw/USB_DEVICE/App/usb_device.o
 .debug_rnglists
                0x0000000000000735       0x4a ./Src/Lib/ret6_fw/USB_DEVICE/App/usbd_cdc_if.o
 .debug_rnglists
                0x000000000000077f       0x43 ./Src/Lib/ret6_fw/USB_DEVICE/App/usbd_desc.o
 .debug_rnglists
                0x00000000000007c2       0xc9 ./Src/Lib/ret6_fw/USB_DEVICE/Target/usbd_conf.o
 .debug_rnglists
                0x000000000000088b       0x13 ./Src/main.o

.debug_macro    0x0000000000000000    0x187f7
 .debug_macro   0x0000000000000000      0x2be ./Src/App/src/app.o
 .debug_macro   0x00000000000002be      0xa9c ./Src/App/src/app.o
 .debug_macro   0x0000000000000d5a       0x22 ./Src/App/src/app.o
 .debug_macro   0x0000000000000d7c       0x5b ./Src/App/src/app.o
 .debug_macro   0x0000000000000dd7       0x2a ./Src/App/src/app.o
 .debug_macro   0x0000000000000e01       0x94 ./Src/App/src/app.o
 .debug_macro   0x0000000000000e95       0x43 ./Src/App/src/app.o
 .debug_macro   0x0000000000000ed8       0x34 ./Src/App/src/app.o
 .debug_macro   0x0000000000000f0c       0x16 ./Src/App/src/app.o
 .debug_macro   0x0000000000000f22       0x57 ./Src/App/src/app.o
 .debug_macro   0x0000000000000f79       0x97 ./Src/App/src/app.o
 .debug_macro   0x0000000000001010      0x369 ./Src/App/src/app.o
 .debug_macro   0x0000000000001379       0xfd ./Src/App/src/app.o
 .debug_macro   0x0000000000001476       0x10 ./Src/App/src/app.o
 .debug_macro   0x0000000000001486       0x16 ./Src/App/src/app.o
 .debug_macro   0x000000000000149c       0x43 ./Src/App/src/app.o
 .debug_macro   0x00000000000014df       0x34 ./Src/App/src/app.o
 .debug_macro   0x0000000000001513       0x10 ./Src/App/src/app.o
 .debug_macro   0x0000000000001523       0x58 ./Src/App/src/app.o
 .debug_macro   0x000000000000157b       0x8e ./Src/App/src/app.o
 .debug_macro   0x0000000000001609       0x1c ./Src/App/src/app.o
 .debug_macro   0x0000000000001625      0x177 ./Src/App/src/app.o
 .debug_macro   0x000000000000179c       0x16 ./Src/App/src/app.o
 .debug_macro   0x00000000000017b2       0x16 ./Src/App/src/app.o
 .debug_macro   0x00000000000017c8      0x147 ./Src/App/src/app.o
 .debug_macro   0x000000000000190f      0x103 ./Src/App/src/app.o
 .debug_macro   0x0000000000001a12       0x6a ./Src/App/src/app.o
 .debug_macro   0x0000000000001a7c      0x1df ./Src/App/src/app.o
 .debug_macro   0x0000000000001c5b       0x22 ./Src/App/src/app.o
 .debug_macro   0x0000000000001c7d      0x295 ./Src/App/src/app.o
 .debug_macro   0x0000000000001f12       0x2e ./Src/App/src/app.o
 .debug_macro   0x0000000000001f40       0x28 ./Src/App/src/app.o
 .debug_macro   0x0000000000001f68       0x1c ./Src/App/src/app.o
 .debug_macro   0x0000000000001f84       0x22 ./Src/App/src/app.o
 .debug_macro   0x0000000000001fa6       0xfb ./Src/App/src/app.o
 .debug_macro   0x00000000000020a1     0x1011 ./Src/App/src/app.o
 .debug_macro   0x00000000000030b2      0x11f ./Src/App/src/app.o
 .debug_macro   0x00000000000031d1     0xb86c ./Src/App/src/app.o
 .debug_macro   0x000000000000ea3d       0x6d ./Src/App/src/app.o
 .debug_macro   0x000000000000eaaa     0x368c ./Src/App/src/app.o
 .debug_macro   0x0000000000012136       0x56 ./Src/App/src/app.o
 .debug_macro   0x000000000001218c      0x416 ./Src/App/src/app.o
 .debug_macro   0x00000000000125a2      0x9e9 ./Src/App/src/app.o
 .debug_macro   0x0000000000012f8b      0x115 ./Src/App/src/app.o
 .debug_macro   0x00000000000130a0       0xf8 ./Src/App/src/app.o
 .debug_macro   0x0000000000013198       0xa5 ./Src/App/src/app.o
 .debug_macro   0x000000000001323d      0x15f ./Src/App/src/app.o
 .debug_macro   0x000000000001339c      0x287 ./Src/App/src/app.o
 .debug_macro   0x0000000000013623       0x5f ./Src/App/src/app.o
 .debug_macro   0x0000000000013682      0x236 ./Src/App/src/app.o
 .debug_macro   0x00000000000138b8      0x132 ./Src/App/src/app.o
 .debug_macro   0x00000000000139ea      0x23a ./Src/App/src/app.o
 .debug_macro   0x0000000000013c24       0x2e ./Src/App/src/app.o
 .debug_macro   0x0000000000013c52      0x127 ./Src/App/src/app.o
 .debug_macro   0x0000000000013d79       0x85 ./Src/App/src/app.o
 .debug_macro   0x0000000000013dfe       0x89 ./Src/App/src/app.o
 .debug_macro   0x0000000000013e87      0x293 ./Src/App/src/app.o
 .debug_macro   0x000000000001411a       0xba ./Src/App/src/app.o
 .debug_macro   0x00000000000141d4      0x126 ./Src/App/src/app.o
 .debug_macro   0x00000000000142fa      0x376 ./Src/Device/Bsp/src/bsp.o
 .debug_macro   0x0000000000014670       0x16 ./Src/Device/Bsp/src/bsp.o
 .debug_macro   0x0000000000014686       0x35 ./Src/Device/Bsp/src/bsp.o
 .debug_macro   0x00000000000146bb       0x16 ./Src/Device/Bsp/src/bsp.o
 .debug_macro   0x00000000000146d1       0x29 ./Src/Device/Bsp/src/bsp.o
 .debug_macro   0x00000000000146fa       0x16 ./Src/Device/Bsp/src/bsp.o
 .debug_macro   0x0000000000014710       0x20 ./Src/Device/Bsp/src/bsp.o
 .debug_macro   0x0000000000014730       0x65 ./Src/Device/Bsp/src/bsp.o
 .debug_macro   0x0000000000014795      0x20f ./Src/Device/Bsp/src/bsp.o
 .debug_macro   0x00000000000149a4      0x376 ./Src/Device/Bsp/src/stm32f4xx_hal_msp.o
 .debug_macro   0x0000000000014d1a      0x380 ./Src/Device/Bsp/src/stm32f4xx_it.o
 .debug_macro   0x000000000001509a       0xda ./Src/Device/Bsp/src/system_stm32f4xx.o
 .debug_macro   0x0000000000015174       0x8e ./Src/Device/Bsp/src/system_stm32f4xx.o
 .debug_macro   0x0000000000015202       0x51 ./Src/Device/Bsp/src/system_stm32f4xx.o
 .debug_macro   0x0000000000015253      0x376 ./Src/Device/Hw/src/hw.o
 .debug_macro   0x00000000000155c9      0x22f ./Src/Lib/ret6_fw/Drivers/STM32F4xx_HAL_Driver/Src/stm32f4xx_hal.o
 .debug_macro   0x00000000000157f8       0x5c ./Src/Lib/ret6_fw/Drivers/STM32F4xx_HAL_Driver/Src/stm32f4xx_hal.o
 .debug_macro   0x0000000000015854      0x1cf ./Src/Lib/ret6_fw/Drivers/STM32F4xx_HAL_Driver/Src/stm32f4xx_hal_cortex.o
 .debug_macro   0x0000000000015a23      0x1d5 ./Src/Lib/ret6_fw/Drivers/STM32F4xx_HAL_Driver/Src/stm32f4xx_hal_gpio.o
 .debug_macro   0x0000000000015bf8      0x1db ./Src/Lib/ret6_fw/Drivers/STM32F4xx_HAL_Driver/Src/stm32f4xx_hal_pcd.o
 .debug_macro   0x0000000000015dd3      0x1cf ./Src/Lib/ret6_fw/Drivers/STM32F4xx_HAL_Driver/Src/stm32f4xx_hal_pcd_ex.o
 .debug_macro   0x0000000000015fa2      0x1f3 ./Src/Lib/ret6_fw/Drivers/STM32F4xx_HAL_Driver/Src/stm32f4xx_hal_rcc.o
 .debug_macro   0x0000000000016195      0x1cf ./Src/Lib/ret6_fw/Drivers/STM32F4xx_HAL_Driver/Src/stm32f4xx_ll_usb.o
 .debug_macro   0x0000000000016364      0x3b1 ./Src/Lib/ret6_fw/Middlewares/ST/STM32_USB_Device_Library/Class/CDC/Src/usbd_cdc.o
 .debug_macro   0x0000000000016715       0x95 ./Src/Lib/ret6_fw/Middlewares/ST/STM32_USB_Device_Library/Class/CDC/Src/usbd_cdc.o
 .debug_macro   0x00000000000167aa      0x3a2 ./Src/Lib/ret6_fw/Middlewares/ST/STM32_USB_Device_Library/Core/Src/usbd_core.o
 .debug_macro   0x0000000000016b4c      0x227 ./Src/Lib/ret6_fw/Middlewares/ST/STM32_USB_Device_Library/Core/Src/usbd_core.o
 .debug_macro   0x0000000000016d73      0x3a2 ./Src/Lib/ret6_fw/Middlewares/ST/STM32_USB_Device_Library/Core/Src/usbd_ctlreq.o
 .debug_macro   0x0000000000017115      0x39e ./Src/Lib/ret6_fw/Middlewares/ST/STM32_USB_Device_Library/Core/Src/usbd_ioreq.o
 .debug_macro   0x00000000000174b3      0x3cd ./Src/Lib/ret6_fw/USB_DEVICE/App/usb_device.o
 .debug_macro   0x0000000000017880       0x61 ./Src/Lib/ret6_fw/USB_DEVICE/App/usb_device.o
 .debug_macro   0x00000000000178e1       0x22 ./Src/Lib/ret6_fw/USB_DEVICE/App/usb_device.o
 .debug_macro   0x0000000000017903       0x16 ./Src/Lib/ret6_fw/USB_DEVICE/App/usb_device.o
 .debug_macro   0x0000000000017919      0x3c2 ./Src/Lib/ret6_fw/USB_DEVICE/App/usbd_cdc_if.o
 .debug_macro   0x0000000000017cdb       0x10 ./Src/Lib/ret6_fw/USB_DEVICE/App/usbd_cdc_if.o
 .debug_macro   0x0000000000017ceb      0x3db ./Src/Lib/ret6_fw/USB_DEVICE/App/usbd_desc.o
 .debug_macro   0x00000000000180c6      0x3bb ./Src/Lib/ret6_fw/USB_DEVICE/Target/usbd_conf.o
 .debug_macro   0x0000000000018481      0x376 ./Src/main.o

.debug_line     0x0000000000000000    0x1430d
 .debug_line    0x0000000000000000      0xa7b ./Src/App/src/app.o
 .debug_line    0x0000000000000a7b      0xcf7 ./Src/Device/Bsp/src/bsp.o
 .debug_line    0x0000000000001772      0xc8c ./Src/Device/Bsp/src/stm32f4xx_hal_msp.o
 .debug_line    0x00000000000023fe      0xd66 ./Src/Device/Bsp/src/stm32f4xx_it.o
 .debug_line    0x0000000000003164      0x5a3 ./Src/Device/Bsp/src/system_stm32f4xx.o
 .debug_line    0x0000000000003707       0x7b ./Src/Device/Bsp/startup/startup_stm32f401ccux.o
 .debug_line    0x0000000000003782      0xc7a ./Src/Device/Hw/src/hw.o
 .debug_line    0x00000000000043fc      0xb2c ./Src/Lib/ret6_fw/Drivers/STM32F4xx_HAL_Driver/Src/stm32f4xx_hal.o
 .debug_line    0x0000000000004f28      0xdf8 ./Src/Lib/ret6_fw/Drivers/STM32F4xx_HAL_Driver/Src/stm32f4xx_hal_cortex.o
 .debug_line    0x0000000000005d20      0xc64 ./Src/Lib/ret6_fw/Drivers/STM32F4xx_HAL_Driver/Src/stm32f4xx_hal_gpio.o
 .debug_line    0x0000000000006984     0x15ba ./Src/Lib/ret6_fw/Drivers/STM32F4xx_HAL_Driver/Src/stm32f4xx_hal_pcd.o
 .debug_line    0x0000000000007f3e      0x90f ./Src/Lib/ret6_fw/Drivers/STM32F4xx_HAL_Driver/Src/stm32f4xx_hal_pcd_ex.o
 .debug_line    0x000000000000884d      0xea3 ./Src/Lib/ret6_fw/Drivers/STM32F4xx_HAL_Driver/Src/stm32f4xx_hal_rcc.o
 .debug_line    0x00000000000096f0     0x1c9c ./Src/Lib/ret6_fw/Drivers/STM32F4xx_HAL_Driver/Src/stm32f4xx_ll_usb.o
 .debug_line    0x000000000000b38c     0x124d ./Src/Lib/ret6_fw/Middlewares/ST/STM32_USB_Device_Library/Class/CDC/Src/usbd_cdc.o
 .debug_line    0x000000000000c5d9     0x1285 ./Src/Lib/ret6_fw/Middlewares/ST/STM32_USB_Device_Library/Core/Src/usbd_core.o
 .debug_line    0x000000000000d85e     0x1472 ./Src/Lib/ret6_fw/Middlewares/ST/STM32_USB_Device_Library/Core/Src/usbd_ctlreq.o
 .debug_line    0x000000000000ecd0      0xd9c ./Src/Lib/ret6_fw/Middlewares/ST/STM32_USB_Device_Library/Core/Src/usbd_ioreq.o
 .debug_line    0x000000000000fa6c      0xd9d ./Src/Lib/ret6_fw/USB_DEVICE/App/usb_device.o
 .debug_line    0x0000000000010809      0xed8 ./Src/Lib/ret6_fw/USB_DEVICE/App/usbd_cdc_if.o
 .debug_line    0x00000000000116e1      0xe21 ./Src/Lib/ret6_fw/USB_DEVICE/App/usbd_desc.o
 .debug_line    0x0000000000012502     0x118e ./Src/Lib/ret6_fw/USB_DEVICE/Target/usbd_conf.o
 .debug_line    0x0000000000013690      0xc7d ./Src/main.o

.debug_str      0x0000000000000000    0x86498
 .debug_str     0x0000000000000000    0x81c13 ./Src/App/src/app.o
                                      0x81eb1 (size before relaxing)
 .debug_str     0x0000000000081c13      0xf06 ./Src/Device/Bsp/src/bsp.o
                                      0x82d88 (size before relaxing)
 .debug_str     0x0000000000082b19       0x36 ./Src/Device/Bsp/src/stm32f4xx_hal_msp.o
                                      0x82b0d (size before relaxing)
 .debug_str     0x0000000000082b4f      0x4a5 ./Src/Device/Bsp/src/stm32f4xx_it.o
                                      0x82eb4 (size before relaxing)
 .debug_str     0x0000000000082ff4      0x123 ./Src/Device/Bsp/src/system_stm32f4xx.o
                                      0x4f902 (size before relaxing)
 .debug_str     0x0000000000083117       0x3e ./Src/Device/Bsp/startup/startup_stm32f401ccux.o
                                         0x7c (size before relaxing)
 .debug_str     0x0000000000083155       0x21 ./Src/Device/Hw/src/hw.o
                                      0x829d7 (size before relaxing)
 .debug_str     0x0000000000083176      0x9b2 ./Src/Lib/ret6_fw/Drivers/STM32F4xx_HAL_Driver/Src/stm32f4xx_hal.o
                                      0x7f25d (size before relaxing)
 .debug_str     0x0000000000083b28      0x376 ./Src/Lib/ret6_fw/Drivers/STM32F4xx_HAL_Driver/Src/stm32f4xx_hal_cortex.o
                                      0x7ef95 (size before relaxing)
 .debug_str     0x0000000000083e9e      0x12e ./Src/Lib/ret6_fw/Drivers/STM32F4xx_HAL_Driver/Src/stm32f4xx_hal_gpio.o
                                      0x7e9b6 (size before relaxing)
 .debug_str     0x0000000000083fcc      0x841 ./Src/Lib/ret6_fw/Drivers/STM32F4xx_HAL_Driver/Src/stm32f4xx_hal_pcd.o
                                      0x7f307 (size before relaxing)
 .debug_str     0x000000000008480d      0x125 ./Src/Lib/ret6_fw/Drivers/STM32F4xx_HAL_Driver/Src/stm32f4xx_hal_pcd_ex.o
                                      0x7ebf7 (size before relaxing)
 .debug_str     0x0000000000084932      0x22f ./Src/Lib/ret6_fw/Drivers/STM32F4xx_HAL_Driver/Src/stm32f4xx_hal_rcc.o
                                      0x7ec6f (size before relaxing)
 .debug_str     0x0000000000084b61      0x4c9 ./Src/Lib/ret6_fw/Drivers/STM32F4xx_HAL_Driver/Src/stm32f4xx_ll_usb.o
                                      0x7f1e2 (size before relaxing)
 .debug_str     0x000000000008502a      0xa4b ./Src/Lib/ret6_fw/Middlewares/ST/STM32_USB_Device_Library/Class/CDC/Src/usbd_cdc.o
                                      0x83904 (size before relaxing)